Time resolution is 1 ps
================================================================
  tb_rns_hash_verifier — Vivado Behavioral Simulation
  N=8192  N_PRIMES=2  Q_WIDTH=60
================================================================
  Lane 0: q=741858819164766209 (60-bit)
  Lane 1: q=652374057757212673 (60-bit)
  c1_count=2  c2_count=2  c3_count=3

  [105000] Loading twiddles (lane 0)...
  [163945000] Loading twiddles (lane 1)...
  [327795000] Loading r (lane 0)...
  [409715000] Loading r (lane 1)...
  [491645000] Loading c1 (lane 0)...
  [655485000] Loading c1 (lane 1)...
  [819325000] Loading c2 (lane 0)...
  [983165000] Loading c2 (lane 1)...
  [1147005000] Loading c3 (lane 0)...
  [1392765000] Loading c3 (lane 1)...

  [1638535000] Starting RNS hash verification (both lanes)...
  [54888175000] Done after 5324963 cycles.

================================================================
  PASS — valid = 1
  Both RNS lanes confirmed:
    H(c3) == H(c1)*H(c2) + H(c2)  in every prime ring
  Total simulation cycles: 5324963
================================================================
$finish called at time : 54888175 ns : File "C:/Users/80010113/Desktop/project/fhe_hardware/verilog/tb_rns_hash_verifier.v" Line 294
INFO: xsimkernel Simulation Memory Usage: 30384 KB (Peak: 30384 KB), Simulation CPU Usage: 18405 ms
