Copyright 1986-2022 Xilinx, Inc. All Rights Reserved. Copyright 2022-2023 Advanced Micro Devices, Inc. All Rights Reserved.
---------------------------------------------------------------------------------------------------------------------------------------------
| Tool Version : Vivado v.2023.2 (win64) Build 4029153 Fri Oct 13 20:14:34 MDT 2023
| Date         : Thu Jul 16 15:17:32 2026
| Host         : ASC-ACA3850 running 64-bit major release  (build 9200)
| Command      : report_control_sets -verbose -file ntt_control_sets_placed.rpt
| Design       : ntt
| Device       : xcku3p
---------------------------------------------------------------------------------------------------------------------------------------------

Control Set Information

Table of Contents
-----------------
1. Summary
2. Histogram
3. Flip-Flop Distribution
4. Detailed Control Set Information

1. Summary
----------

+----------------------------------------------------------+-------+
|                          Status                          | Count |
+----------------------------------------------------------+-------+
| Total control sets                                       |   136 |
|    Minimum number of control sets                        |   136 |
|    Addition due to synthesis replication                 |     0 |
|    Addition due to physical synthesis replication        |     0 |
| Unused register locations in slices containing registers |     9 |
+----------------------------------------------------------+-------+
* Control sets can be merged at opt_design using control_set_merge or merge_equivalent_drivers
** Run report_qor_suggestions for automated merging and remapping suggestions


2. Histogram
------------

+--------------------+-------+
|       Fanout       | Count |
+--------------------+-------+
| Total control sets |   136 |
| >= 0 to < 4        |     1 |
| >= 4 to < 6        |     1 |
| >= 6 to < 8        |     0 |
| >= 8 to < 10       |     0 |
| >= 10 to < 12      |     0 |
| >= 12 to < 14      |     2 |
| >= 14 to < 16      |     1 |
| >= 16              |   131 |
+--------------------+-------+
* Control sets can be remapped at either synth_design or opt_design


3. Flip-Flop Distribution
-------------------------

+--------------+-----------------------+------------------------+-----------------+--------------+
| Clock Enable | Synchronous Set/Reset | Asynchronous Set/Reset | Total Registers | Total Slices |
+--------------+-----------------------+------------------------+-----------------+--------------+
| No           | No                    | No                     |              61 |           52 |
| No           | No                    | Yes                    |               3 |            2 |
| No           | Yes                   | No                     |               0 |            0 |
| Yes          | No                    | No                     |             120 |           28 |
| Yes          | No                    | Yes                    |              43 |           13 |
| Yes          | Yes                   | No                     |               0 |            0 |
+--------------+-----------------------+------------------------+-----------------+--------------+


4. Detailed Control Set Information
-----------------------------------

+--------------+---------------------------------+------------------+------------------+----------------+--------------+
| Clock Signal |          Enable Signal          | Set/Reset Signal | Slice Load Count | Bel Load Count | Bels / Slice |
+--------------+---------------------------------+------------------+------------------+----------------+--------------+
|  clk         |                                 | rst_n            |                2 |              3 |         1.50 |
|  clk         | state[3]_i_1_n_0                | rst_n            |                1 |              4 |         4.00 |
|  clk         | k[11]_i_1_n_0                   | rst_n            |                4 |             12 |         3.00 |
|  clk         | stage[12]_i_1_n_0               | rst_n            |                6 |             13 |         2.17 |
|  clk         | sc_idx[13]_i_1_n_0              | rst_n            |                3 |             14 |         4.67 |
|  clk         | u_r                             |                  |               26 |             60 |         2.31 |
|  clk         | v_r                             |                  |               22 |             60 |         2.73 |
|  clk         |                                 |                  |               52 |             61 |         1.17 |
|  clk         | coeff_reg_1664_1727_0_6_i_1_n_0 |                  |                9 |             72 |         8.00 |
|  clk         | coeff_reg_1728_1791_0_6_i_1_n_0 |                  |                9 |             72 |         8.00 |
|  clk         | coeff_reg_1792_1855_0_6_i_1_n_0 |                  |                9 |             72 |         8.00 |
|  clk         | coeff_reg_1856_1919_0_6_i_1_n_0 |                  |                9 |             72 |         8.00 |
|  clk         | coeff_reg_1920_1983_0_6_i_1_n_0 |                  |                9 |             72 |         8.00 |
|  clk         | coeff_reg_192_255_0_6_i_1_n_0   |                  |                9 |             72 |         8.00 |
|  clk         | coeff_reg_1984_2047_0_6_i_1_n_0 |                  |                9 |             72 |         8.00 |
|  clk         | coeff_reg_2048_2111_0_6_i_1_n_0 |                  |                9 |             72 |         8.00 |
|  clk         | coeff_reg_2112_2175_0_6_i_1_n_0 |                  |                9 |             72 |         8.00 |
|  clk         | coeff_reg_2176_2239_0_6_i_1_n_0 |                  |                9 |             72 |         8.00 |
|  clk         | coeff_reg_2304_2367_0_6_i_1_n_0 |                  |                9 |             72 |         8.00 |
|  clk         | coeff_reg_2240_2303_0_6_i_1_n_0 |                  |                9 |             72 |         8.00 |
|  clk         | coeff_reg_2368_2431_0_6_i_1_n_0 |                  |                9 |             72 |         8.00 |
|  clk         | coeff_reg_2432_2495_0_6_i_1_n_0 |                  |                9 |             72 |         8.00 |
|  clk         | coeff_reg_2496_2559_0_6_i_1_n_0 |                  |                9 |             72 |         8.00 |
|  clk         | coeff_reg_2560_2623_0_6_i_1_n_0 |                  |                9 |             72 |         8.00 |
|  clk         | coeff_reg_256_319_0_6_i_1_n_0   |                  |                9 |             72 |         8.00 |
|  clk         | coeff_reg_2624_2687_0_6_i_1_n_0 |                  |                9 |             72 |         8.00 |
|  clk         | coeff_reg_2688_2751_0_6_i_1_n_0 |                  |                9 |             72 |         8.00 |
|  clk         | coeff_reg_2752_2815_0_6_i_1_n_0 |                  |                9 |             72 |         8.00 |
|  clk         | coeff_reg_2816_2879_0_6_i_1_n_0 |                  |                9 |             72 |         8.00 |
|  clk         | coeff_reg_1216_1279_0_6_i_1_n_0 |                  |                9 |             72 |         8.00 |
|  clk         | coeff_reg_1280_1343_0_6_i_1_n_0 |                  |                9 |             72 |         8.00 |
|  clk         | coeff_reg_1024_1087_0_6_i_1_n_0 |                  |                9 |             72 |         8.00 |
|  clk         | coeff_reg_1088_1151_0_6_i_1_n_0 |                  |                9 |             72 |         8.00 |
|  clk         | coeff_reg_1152_1215_0_6_i_1_n_0 |                  |                9 |             72 |         8.00 |
|  clk         | coeff_reg_0_63_0_6_i_20_n_0     |                  |                9 |             72 |         8.00 |
|  clk         | coeff_reg_4480_4543_0_6_i_1_n_0 |                  |                9 |             72 |         8.00 |
|  clk         | coeff_reg_448_511_0_6_i_1_n_0   |                  |                9 |             72 |         8.00 |
|  clk         | coeff_reg_4544_4607_0_6_i_1_n_0 |                  |                9 |             72 |         8.00 |
|  clk         | coeff_reg_4608_4671_0_6_i_1_n_0 |                  |                9 |             72 |         8.00 |
|  clk         | coeff_reg_4672_4735_0_6_i_1_n_0 |                  |                9 |             72 |         8.00 |
|  clk         | coeff_reg_4736_4799_0_6_i_1_n_0 |                  |                9 |             72 |         8.00 |
|  clk         | coeff_reg_4800_4863_0_6_i_1_n_0 |                  |                9 |             72 |         8.00 |
|  clk         | coeff_reg_4864_4927_0_6_i_1_n_0 |                  |                9 |             72 |         8.00 |
|  clk         | coeff_reg_4928_4991_0_6_i_1_n_0 |                  |                9 |             72 |         8.00 |
|  clk         | coeff_reg_4992_5055_0_6_i_1_n_0 |                  |                9 |             72 |         8.00 |
|  clk         | coeff_reg_5056_5119_0_6_i_1_n_0 |                  |                9 |             72 |         8.00 |
|  clk         | coeff_reg_5120_5183_0_6_i_1_n_0 |                  |                9 |             72 |         8.00 |
|  clk         | coeff_reg_512_575_0_6_i_1_n_0   |                  |                9 |             72 |         8.00 |
|  clk         | coeff_reg_5184_5247_0_6_i_1_n_0 |                  |                9 |             72 |         8.00 |
|  clk         | coeff_reg_5248_5311_0_6_i_1_n_0 |                  |                9 |             72 |         8.00 |
|  clk         | coeff_reg_5312_5375_0_6_i_1_n_0 |                  |                9 |             72 |         8.00 |
|  clk         | coeff_reg_5376_5439_0_6_i_1_n_0 |                  |                9 |             72 |         8.00 |
|  clk         | coeff_reg_5440_5503_0_6_i_1_n_0 |                  |                9 |             72 |         8.00 |
|  clk         | coeff_reg_5504_5567_0_6_i_1_n_0 |                  |                9 |             72 |         8.00 |
|  clk         | coeff_reg_5568_5631_0_6_i_1_n_0 |                  |                9 |             72 |         8.00 |
|  clk         | coeff_reg_5632_5695_0_6_i_1_n_0 |                  |                9 |             72 |         8.00 |
|  clk         | coeff_reg_5696_5759_0_6_i_1_n_0 |                  |                9 |             72 |         8.00 |
|  clk         | coeff_reg_5760_5823_0_6_i_1_n_0 |                  |                9 |             72 |         8.00 |
|  clk         | coeff_reg_576_639_0_6_i_1_n_0   |                  |                9 |             72 |         8.00 |
|  clk         | coeff_reg_5824_5887_0_6_i_1_n_0 |                  |                9 |             72 |         8.00 |
|  clk         | coeff_reg_5888_5951_0_6_i_1_n_0 |                  |                9 |             72 |         8.00 |
|  clk         | coeff_reg_5952_6015_0_6_i_1_n_0 |                  |                9 |             72 |         8.00 |
|  clk         | coeff_reg_4288_4351_0_6_i_1_n_0 |                  |                9 |             72 |         8.00 |
|  clk         | coeff_reg_4352_4415_0_6_i_1_n_0 |                  |                9 |             72 |         8.00 |
|  clk         | coeff_reg_4416_4479_0_6_i_1_n_0 |                  |                9 |             72 |         8.00 |
|  clk         | coeff_reg_2880_2943_0_6_i_1_n_0 |                  |                9 |             72 |         8.00 |
|  clk         | coeff_reg_2944_3007_0_6_i_1_n_0 |                  |                9 |             72 |         8.00 |
|  clk         | coeff_reg_3008_3071_0_6_i_1_n_0 |                  |                9 |             72 |         8.00 |
|  clk         | coeff_reg_3072_3135_0_6_i_1_n_0 |                  |                9 |             72 |         8.00 |
|  clk         | coeff_reg_3136_3199_0_6_i_1_n_0 |                  |                9 |             72 |         8.00 |
|  clk         | coeff_reg_3200_3263_0_6_i_1_n_0 |                  |                9 |             72 |         8.00 |
|  clk         | coeff_reg_320_383_0_6_i_1_n_0   |                  |                9 |             72 |         8.00 |
|  clk         | coeff_reg_3264_3327_0_6_i_1_n_0 |                  |                9 |             72 |         8.00 |
|  clk         | coeff_reg_3328_3391_0_6_i_1_n_0 |                  |                9 |             72 |         8.00 |
|  clk         | coeff_reg_3456_3519_0_6_i_1_n_0 |                  |                9 |             72 |         8.00 |
|  clk         | coeff_reg_3392_3455_0_6_i_1_n_0 |                  |                9 |             72 |         8.00 |
|  clk         | coeff_reg_3520_3583_0_6_i_1_n_0 |                  |                9 |             72 |         8.00 |
|  clk         | coeff_reg_3584_3647_0_6_i_1_n_0 |                  |                9 |             72 |         8.00 |
|  clk         | coeff_reg_3648_3711_0_6_i_1_n_0 |                  |                9 |             72 |         8.00 |
|  clk         | coeff_reg_3712_3775_0_6_i_1_n_0 |                  |                9 |             72 |         8.00 |
|  clk         | coeff_reg_3776_3839_0_6_i_1_n_0 |                  |                9 |             72 |         8.00 |
|  clk         | coeff_reg_3840_3903_0_6_i_1_n_0 |                  |                9 |             72 |         8.00 |
|  clk         | coeff_reg_384_447_0_6_i_1_n_0   |                  |                9 |             72 |         8.00 |
|  clk         | coeff_reg_3904_3967_0_6_i_1_n_0 |                  |                9 |             72 |         8.00 |
|  clk         | coeff_reg_3968_4031_0_6_i_1_n_0 |                  |                9 |             72 |         8.00 |
|  clk         | coeff_reg_4032_4095_0_6_i_1_n_0 |                  |                9 |             72 |         8.00 |
|  clk         | coeff_reg_4096_4159_0_6_i_7_n_0 |                  |                9 |             72 |         8.00 |
|  clk         | coeff_reg_4160_4223_0_6_i_1_n_0 |                  |                9 |             72 |         8.00 |
|  clk         | coeff_reg_4224_4287_0_6_i_1_n_0 |                  |                9 |             72 |         8.00 |
|  clk         | coeff_reg_7616_7679_0_6_i_1_n_0 |                  |                9 |             72 |         8.00 |
|  clk         | coeff_reg_7680_7743_0_6_i_1_n_0 |                  |                9 |             72 |         8.00 |
|  clk         | coeff_reg_768_831_0_6_i_1_n_0   |                  |                9 |             72 |         8.00 |
|  clk         | coeff_reg_7744_7807_0_6_i_1_n_0 |                  |                9 |             72 |         8.00 |
|  clk         | coeff_reg_7808_7871_0_6_i_1_n_0 |                  |                9 |             72 |         8.00 |
|  clk         | coeff_reg_7872_7935_0_6_i_1_n_0 |                  |                9 |             72 |         8.00 |
|  clk         | coeff_reg_7936_7999_0_6_i_1_n_0 |                  |                9 |             72 |         8.00 |
|  clk         | coeff_reg_8000_8063_0_6_i_1_n_0 |                  |                9 |             72 |         8.00 |
|  clk         | coeff_reg_8064_8127_0_6_i_1_n_0 |                  |                9 |             72 |         8.00 |
|  clk         | coeff_reg_8128_8191_0_6_i_1_n_0 |                  |                9 |             72 |         8.00 |
|  clk         | coeff_reg_832_895_0_6_i_1_n_0   |                  |                9 |             72 |         8.00 |
|  clk         | coeff_reg_896_959_0_6_i_1_n_0   |                  |                9 |             72 |         8.00 |
|  clk         | coeff_reg_128_191_0_6_i_1_n_0   |                  |                9 |             72 |         8.00 |
|  clk         | coeff_reg_1344_1407_0_6_i_1_n_0 |                  |                9 |             72 |         8.00 |
|  clk         | coeff_reg_7488_7551_0_6_i_1_n_0 |                  |                9 |             72 |         8.00 |
|  clk         | coeff_reg_7552_7615_0_6_i_1_n_0 |                  |                9 |             72 |         8.00 |
|  clk         | coeff_reg_6016_6079_0_6_i_1_n_0 |                  |                9 |             72 |         8.00 |
|  clk         | coeff_reg_6080_6143_0_6_i_1_n_0 |                  |                9 |             72 |         8.00 |
|  clk         | coeff_reg_6144_6207_0_6_i_1_n_0 |                  |                9 |             72 |         8.00 |
|  clk         | coeff_reg_6272_6335_0_6_i_1_n_0 |                  |                9 |             72 |         8.00 |
|  clk         | coeff_reg_6208_6271_0_6_i_1_n_0 |                  |                9 |             72 |         8.00 |
|  clk         | coeff_reg_6336_6399_0_6_i_1_n_0 |                  |                9 |             72 |         8.00 |
|  clk         | coeff_reg_6400_6463_0_6_i_1_n_0 |                  |                9 |             72 |         8.00 |
|  clk         | coeff_reg_640_703_0_6_i_1_n_0   |                  |                9 |             72 |         8.00 |
|  clk         | coeff_reg_6464_6527_0_6_i_1_n_0 |                  |                9 |             72 |         8.00 |
|  clk         | coeff_reg_64_127_0_6_i_1_n_0    |                  |                9 |             72 |         8.00 |
|  clk         | coeff_reg_6528_6591_0_6_i_1_n_0 |                  |                9 |             72 |         8.00 |
|  clk         | coeff_reg_6592_6655_0_6_i_1_n_0 |                  |                9 |             72 |         8.00 |
|  clk         | coeff_reg_6656_6719_0_6_i_1_n_0 |                  |                9 |             72 |         8.00 |
|  clk         | coeff_reg_960_1023_0_6_i_1_n_0  |                  |                9 |             72 |         8.00 |
|  clk         | coeff_reg_6784_6847_0_6_i_1_n_0 |                  |                9 |             72 |         8.00 |
|  clk         | coeff_reg_6848_6911_0_6_i_1_n_0 |                  |                9 |             72 |         8.00 |
|  clk         | coeff_reg_6912_6975_0_6_i_1_n_0 |                  |                9 |             72 |         8.00 |
|  clk         | coeff_reg_6976_7039_0_6_i_1_n_0 |                  |                9 |             72 |         8.00 |
|  clk         | coeff_reg_7040_7103_0_6_i_1_n_0 |                  |                9 |             72 |         8.00 |
|  clk         | coeff_reg_704_767_0_6_i_1_n_0   |                  |                9 |             72 |         8.00 |
|  clk         | coeff_reg_7104_7167_0_6_i_1_n_0 |                  |                9 |             72 |         8.00 |
|  clk         | coeff_reg_7168_7231_0_6_i_1_n_0 |                  |                9 |             72 |         8.00 |
|  clk         | coeff_reg_7232_7295_0_6_i_1_n_0 |                  |                9 |             72 |         8.00 |
|  clk         | coeff_reg_7296_7359_0_6_i_1_n_0 |                  |                9 |             72 |         8.00 |
|  clk         | coeff_reg_7360_7423_0_6_i_1_n_0 |                  |                9 |             72 |         8.00 |
|  clk         | coeff_reg_7424_7487_0_6_i_1_n_0 |                  |                9 |             72 |         8.00 |
|  clk         | coeff_reg_1408_1471_0_6_i_1_n_0 |                  |                9 |             72 |         8.00 |
|  clk         | coeff_reg_1472_1535_0_6_i_1_n_0 |                  |                9 |             72 |         8.00 |
|  clk         | coeff_reg_1536_1599_0_6_i_1_n_0 |                  |                9 |             72 |         8.00 |
|  clk         | coeff_reg_1600_1663_0_6_i_1_n_0 |                  |                9 |             72 |         8.00 |
|  clk         | coeff_reg_6720_6783_0_6_i_1_n_0 |                  |                9 |             72 |         8.00 |
+--------------+---------------------------------+------------------+------------------+----------------+--------------+


