Copyright 1986-2022 Xilinx, Inc. All Rights Reserved. Copyright 2022-2023 Advanced Micro Devices, Inc. All Rights Reserved.
-------------------------------------------------------------------------------------------------------------------------------------------------
| Tool Version     : Vivado v.2023.2 (win64) Build 4029153 Fri Oct 13 20:14:34 MDT 2023
| Date             : Thu Jul 16 15:21:03 2026
| Host             : ASC-ACA3850 running 64-bit major release  (build 9200)
| Command          : report_power -file ntt_power_routed.rpt -pb ntt_power_summary_routed.pb -rpx ntt_power_routed.rpx
| Design           : ntt
| Device           : xcku3p-ffvd900-1-i
| Design State     : routed
| Grade            : industrial
| Process          : typical
| Characterization : Production
-------------------------------------------------------------------------------------------------------------------------------------------------

Power Report

Table of Contents
-----------------
1. Summary
1.1 On-Chip Components
1.2 Power Supply Summary
1.3 Confidence Level
2. Settings
2.1 Environment
2.2 Clock Constraints
3. Detailed Reports
3.1 By Hierarchy

1. Summary
----------

+--------------------------+--------------+
| Total On-Chip Power (W)  | 466.781      |
| Design Power Budget (W)  | Unspecified* |
| Power Budget Margin (W)  | NA           |
| Dynamic (W)              | 462.709      |
| Device Static (W)        | 4.071        |
| Effective TJA (C/W)      | 1.4          |
| Max Ambient (C)          | 0.0          |
| Junction Temperature (C) | 125.0        |
| Confidence Level         | Low          |
| Setting File             | ---          |
| Simulation Activity File | ---          |
| Design Nets Matched      | NA           |
+--------------------------+--------------+
* Specify Design Power Budget using, set_operating_conditions -design_power_budget <value in Watts>


1.1 On-Chip Components
----------------------

+--------------------------+-----------+----------+-----------+-----------------+
| On-Chip                  | Power (W) | Used     | Available | Utilization (%) |
+--------------------------+-----------+----------+-----------+-----------------+
| CLB Logic                |   154.835 |    21252 |       --- |             --- |
|   LUT as Distributed RAM |    77.341 |     9216 |     99840 |            9.23 |
|   LUT as Logic           |    73.121 |     7647 |    162720 |            4.70 |
|   CARRY8                 |     4.276 |      571 |     27120 |            2.11 |
|   Register               |     0.096 |      227 |    325440 |            0.07 |
|   Others                 |     0.000 |        5 |       --- |             --- |
|   F7/F8 Muxes            |     0.000 |     1500 |    216960 |            0.69 |
| Signals                  |   211.167 |    25938 |       --- |             --- |
| Block RAM                |     0.874 |       27 |       360 |            7.50 |
| DSPs                     |    95.833 |      204 |      1368 |           14.91 |
| Static Power             |     4.071 |          |           |                 |
| Total                    |   466.781 |          |           |                 |
+--------------------------+-----------+----------+-----------+-----------------+


1.2 Power Supply Summary
------------------------

+------------+-------------+-----------+-------------+------------+-------------+-------------+------------+
| Source     | Voltage (V) | Total (A) | Dynamic (A) | Static (A) | Powerup (A) | Budget (A)  | Margin (A) |
+------------+-------------+-----------+-------------+------------+-------------+-------------+------------+
| Vccint     |       0.850 |   548.161 |     544.308 |      3.853 |       NA    | Unspecified | NA         |
| Vccint_io  |       0.850 |     0.109 |       0.000 |      0.109 |       NA    | Unspecified | NA         |
| Vccbram    |       0.850 |     0.116 |       0.056 |      0.060 |       NA    | Unspecified | NA         |
| Vccaux     |       1.800 |     0.323 |       0.000 |      0.323 |       NA    | Unspecified | NA         |
| Vccaux_io  |       1.800 |     0.032 |       0.000 |      0.032 |       NA    | Unspecified | NA         |
| Vcco33     |       3.300 |     0.000 |       0.000 |      0.000 |       NA    | Unspecified | NA         |
| Vcco25     |       2.500 |     0.000 |       0.000 |      0.000 |       NA    | Unspecified | NA         |
| Vcco18     |       1.800 |     0.000 |       0.000 |      0.000 |       NA    | Unspecified | NA         |
| Vcco15     |       1.500 |     0.000 |       0.000 |      0.000 |       NA    | Unspecified | NA         |
| Vcco135    |       1.350 |     0.000 |       0.000 |      0.000 |       NA    | Unspecified | NA         |
| Vcco12     |       1.200 |     0.000 |       0.000 |      0.000 |       NA    | Unspecified | NA         |
| Vcco10     |       1.000 |     0.000 |       0.000 |      0.000 |       NA    | Unspecified | NA         |
| Vccadc     |       1.800 |     0.008 |       0.000 |      0.008 |       NA    | Unspecified | NA         |
| MGTYAVcc   |       0.900 |     0.000 |       0.000 |      0.000 |       NA    | Unspecified | NA         |
| MGTYAVtt   |       1.200 |     0.000 |       0.000 |      0.000 |       NA    | Unspecified | NA         |
| MGTYVccaux |       1.800 |     0.000 |       0.000 |      0.000 |       NA    | Unspecified | NA         |
+------------+-------------+-----------+-------------+------------+-------------+-------------+------------+
* The Vccint supply current exceeds the maximum limit of the selected package.  See the PCB design user guide for limit values.


1.3 Confidence Level
--------------------

+-----------------------------+------------+------------------------------------------------+--------------------------------------------------------------------------------------------------------------------+
| User Input Data             | Confidence | Details                                        | Action                                                                                                             |
+-----------------------------+------------+------------------------------------------------+--------------------------------------------------------------------------------------------------------------------+
| Design implementation state | High       | Design is routed                               |                                                                                                                    |
| Clock nodes activity        | Low        | User specified less than 75% of clocks         | Provide missing clock activity with a constraint file, simulation results or by editing the "By Clock Domain" view |
| I/O nodes activity          | High       | User specified more than 95% of inputs         |                                                                                                                    |
| Internal nodes activity     | Medium     | User specified less than 25% of internal nodes | Provide missing internal nodes activity with simulation results or by editing the "By Resource Type" views         |
| Device models               | High       | Device models are Production                   |                                                                                                                    |
|                             |            |                                                |                                                                                                                    |
| Overall confidence level    | Low        |                                                |                                                                                                                    |
+-----------------------------+------------+------------------------------------------------+--------------------------------------------------------------------------------------------------------------------+


2. Settings
-----------

2.1 Environment
---------------

+-----------------------+--------------------------+
| Ambient Temp (C)      | 25.0                     |
| ThetaJA (C/W)         | 1.4                      |
| Airflow (LFM)         | 250                      |
| Heat Sink             | medium (Medium Profile)  |
| ThetaSA (C/W)         | 2.0                      |
| Board Selection       | medium (10"x10")         |
| # of Board Layers     | 12to15 (12 to 15 Layers) |
| Board Temperature (C) | 25.0                     |
+-----------------------+--------------------------+


2.2 Clock Constraints
---------------------

+-------+--------+-----------------+
| Clock | Domain | Constraint (ns) |
+-------+--------+-----------------+


3. Detailed Reports
-------------------

3.1 By Hierarchy
----------------

+-----------------------------+-----------+
| Name                        | Power (W) |
+-----------------------------+-----------+
| ntt                         |   462.709 |
|   coeff_reg_0_63_0_6        |     0.093 |
|   coeff_reg_0_63_14_20      |     0.088 |
|   coeff_reg_0_63_21_27      |     0.098 |
|   coeff_reg_0_63_28_34      |     0.099 |
|   coeff_reg_0_63_35_41      |     0.108 |
|   coeff_reg_0_63_42_48      |     0.097 |
|   coeff_reg_0_63_49_55      |     0.096 |
|   coeff_reg_0_63_56_59      |     0.070 |
|   coeff_reg_0_63_7_13       |     0.110 |
|   coeff_reg_1024_1087_0_6   |     0.099 |
|   coeff_reg_1024_1087_14_20 |     0.086 |
|   coeff_reg_1024_1087_21_27 |     0.103 |
|   coeff_reg_1024_1087_28_34 |     0.103 |
|   coeff_reg_1024_1087_35_41 |     0.096 |
|   coeff_reg_1024_1087_42_48 |     0.095 |
|   coeff_reg_1024_1087_49_55 |     0.090 |
|   coeff_reg_1024_1087_56_59 |     0.073 |
|   coeff_reg_1024_1087_7_13  |     0.088 |
|   coeff_reg_1088_1151_0_6   |     0.090 |
|   coeff_reg_1088_1151_14_20 |     0.101 |
|   coeff_reg_1088_1151_21_27 |     0.110 |
|   coeff_reg_1088_1151_28_34 |     0.097 |
|   coeff_reg_1088_1151_35_41 |     0.102 |
|   coeff_reg_1088_1151_42_48 |     0.095 |
|   coeff_reg_1088_1151_49_55 |     0.115 |
|   coeff_reg_1088_1151_56_59 |     0.074 |
|   coeff_reg_1088_1151_7_13  |     0.098 |
|   coeff_reg_1152_1215_0_6   |     0.096 |
|   coeff_reg_1152_1215_14_20 |     0.095 |
|   coeff_reg_1152_1215_21_27 |     0.087 |
|   coeff_reg_1152_1215_28_34 |     0.100 |
|   coeff_reg_1152_1215_35_41 |     0.099 |
|   coeff_reg_1152_1215_42_48 |     0.089 |
|   coeff_reg_1152_1215_49_55 |     0.088 |
|   coeff_reg_1152_1215_56_59 |     0.073 |
|   coeff_reg_1152_1215_7_13  |     0.095 |
|   coeff_reg_1216_1279_0_6   |     0.095 |
|   coeff_reg_1216_1279_14_20 |     0.092 |
|   coeff_reg_1216_1279_21_27 |     0.096 |
|   coeff_reg_1216_1279_28_34 |     0.088 |
|   coeff_reg_1216_1279_35_41 |     0.089 |
|   coeff_reg_1216_1279_42_48 |     0.101 |
|   coeff_reg_1216_1279_49_55 |     0.089 |
|   coeff_reg_1216_1279_56_59 |     0.076 |
|   coeff_reg_1216_1279_7_13  |     0.093 |
|   coeff_reg_1280_1343_0_6   |     0.100 |
|   coeff_reg_1280_1343_14_20 |     0.094 |
|   coeff_reg_1280_1343_21_27 |     0.096 |
|   coeff_reg_1280_1343_28_34 |     0.089 |
|   coeff_reg_1280_1343_35_41 |     0.092 |
|   coeff_reg_1280_1343_42_48 |     0.093 |
|   coeff_reg_1280_1343_49_55 |     0.093 |
|   coeff_reg_1280_1343_56_59 |     0.076 |
|   coeff_reg_1280_1343_7_13  |     0.102 |
|   coeff_reg_128_191_0_6     |     0.097 |
|   coeff_reg_128_191_14_20   |     0.100 |
|   coeff_reg_128_191_21_27   |     0.098 |
|   coeff_reg_128_191_28_34   |     0.105 |
|   coeff_reg_128_191_35_41   |     0.101 |
|   coeff_reg_128_191_42_48   |     0.096 |
|   coeff_reg_128_191_49_55   |     0.096 |
|   coeff_reg_128_191_56_59   |     0.072 |
|   coeff_reg_128_191_7_13    |     0.113 |
|   coeff_reg_1344_1407_0_6   |     0.104 |
|   coeff_reg_1344_1407_14_20 |     0.095 |
|   coeff_reg_1344_1407_21_27 |     0.090 |
|   coeff_reg_1344_1407_28_34 |     0.093 |
|   coeff_reg_1344_1407_35_41 |     0.094 |
|   coeff_reg_1344_1407_42_48 |     0.097 |
|   coeff_reg_1344_1407_49_55 |     0.088 |
|   coeff_reg_1344_1407_56_59 |     0.075 |
|   coeff_reg_1344_1407_7_13  |     0.101 |
|   coeff_reg_1408_1471_0_6   |     0.098 |
|   coeff_reg_1408_1471_14_20 |     0.098 |
|   coeff_reg_1408_1471_21_27 |     0.090 |
|   coeff_reg_1408_1471_28_34 |     0.099 |
|   coeff_reg_1408_1471_35_41 |     0.099 |
|   coeff_reg_1408_1471_42_48 |     0.089 |
|   coeff_reg_1408_1471_49_55 |     0.094 |
|   coeff_reg_1408_1471_56_59 |     0.073 |
|   coeff_reg_1408_1471_7_13  |     0.103 |
|   coeff_reg_1472_1535_0_6   |     0.100 |
|   coeff_reg_1472_1535_14_20 |     0.100 |
|   coeff_reg_1472_1535_21_27 |     0.089 |
|   coeff_reg_1472_1535_28_34 |     0.097 |
|   coeff_reg_1472_1535_35_41 |     0.094 |
|   coeff_reg_1472_1535_42_48 |     0.088 |
|   coeff_reg_1472_1535_49_55 |     0.091 |
|   coeff_reg_1472_1535_56_59 |     0.078 |
|   coeff_reg_1472_1535_7_13  |     0.096 |
|   coeff_reg_1536_1599_0_6   |     0.095 |
|   coeff_reg_1536_1599_14_20 |     0.097 |
|   coeff_reg_1536_1599_21_27 |     0.092 |
|   coeff_reg_1536_1599_28_34 |     0.090 |
|   coeff_reg_1536_1599_35_41 |     0.091 |
|   coeff_reg_1536_1599_42_48 |     0.091 |
|   coeff_reg_1536_1599_49_55 |     0.097 |
|   coeff_reg_1536_1599_56_59 |     0.069 |
|   coeff_reg_1536_1599_7_13  |     0.100 |
|   coeff_reg_1600_1663_0_6   |     0.102 |
|   coeff_reg_1600_1663_14_20 |     0.093 |
|   coeff_reg_1600_1663_21_27 |     0.099 |
|   coeff_reg_1600_1663_28_34 |     0.088 |
|   coeff_reg_1600_1663_35_41 |     0.099 |
|   coeff_reg_1600_1663_42_48 |     0.098 |
|   coeff_reg_1600_1663_49_55 |     0.096 |
|   coeff_reg_1600_1663_56_59 |     0.073 |
|   coeff_reg_1600_1663_7_13  |     0.099 |
|   coeff_reg_1664_1727_0_6   |     0.098 |
|   coeff_reg_1664_1727_14_20 |     0.098 |
|   coeff_reg_1664_1727_21_27 |     0.095 |
|   coeff_reg_1664_1727_28_34 |     0.101 |
|   coeff_reg_1664_1727_35_41 |     0.100 |
|   coeff_reg_1664_1727_42_48 |     0.090 |
|   coeff_reg_1664_1727_49_55 |     0.105 |
|   coeff_reg_1664_1727_56_59 |     0.074 |
|   coeff_reg_1664_1727_7_13  |     0.093 |
|   coeff_reg_1728_1791_0_6   |     0.093 |
|   coeff_reg_1728_1791_14_20 |     0.094 |
|   coeff_reg_1728_1791_21_27 |     0.091 |
|   coeff_reg_1728_1791_28_34 |     0.090 |
|   coeff_reg_1728_1791_35_41 |     0.093 |
|   coeff_reg_1728_1791_42_48 |     0.093 |
|   coeff_reg_1728_1791_49_55 |     0.090 |
|   coeff_reg_1728_1791_56_59 |     0.068 |
|   coeff_reg_1728_1791_7_13  |     0.098 |
|   coeff_reg_1792_1855_0_6   |     0.096 |
|   coeff_reg_1792_1855_14_20 |     0.094 |
|   coeff_reg_1792_1855_21_27 |     0.107 |
|   coeff_reg_1792_1855_28_34 |     0.089 |
|   coeff_reg_1792_1855_35_41 |     0.095 |
|   coeff_reg_1792_1855_42_48 |     0.104 |
|   coeff_reg_1792_1855_49_55 |     0.104 |
|   coeff_reg_1792_1855_56_59 |     0.072 |
|   coeff_reg_1792_1855_7_13  |     0.103 |
|   coeff_reg_1856_1919_0_6   |     0.092 |
|   coeff_reg_1856_1919_14_20 |     0.087 |
|   coeff_reg_1856_1919_21_27 |     0.095 |
|   coeff_reg_1856_1919_28_34 |     0.088 |
|   coeff_reg_1856_1919_35_41 |     0.092 |
|   coeff_reg_1856_1919_42_48 |     0.094 |
|   coeff_reg_1856_1919_49_55 |     0.088 |
|   coeff_reg_1856_1919_56_59 |     0.072 |
|   coeff_reg_1856_1919_7_13  |     0.096 |
|   coeff_reg_1920_1983_0_6   |     0.101 |
|   coeff_reg_1920_1983_14_20 |     0.092 |
|   coeff_reg_1920_1983_21_27 |     0.090 |
|   coeff_reg_1920_1983_28_34 |     0.096 |
|   coeff_reg_1920_1983_35_41 |     0.098 |
|   coeff_reg_1920_1983_42_48 |     0.105 |
|   coeff_reg_1920_1983_49_55 |     0.111 |
|   coeff_reg_1920_1983_56_59 |     0.078 |
|   coeff_reg_1920_1983_7_13  |     0.095 |
|   coeff_reg_192_255_0_6     |     0.099 |
|   coeff_reg_192_255_14_20   |     0.096 |
|   coeff_reg_192_255_21_27   |     0.098 |
|   coeff_reg_192_255_28_34   |     0.099 |
|   coeff_reg_192_255_35_41   |     0.098 |
|   coeff_reg_192_255_42_48   |     0.094 |
|   coeff_reg_192_255_49_55   |     0.096 |
|   coeff_reg_192_255_56_59   |     0.073 |
|   coeff_reg_192_255_7_13    |     0.086 |
|   coeff_reg_1984_2047_0_6   |     0.096 |
|   coeff_reg_1984_2047_14_20 |     0.097 |
|   coeff_reg_1984_2047_21_27 |     0.101 |
|   coeff_reg_1984_2047_28_34 |     0.095 |
|   coeff_reg_1984_2047_35_41 |     0.097 |
|   coeff_reg_1984_2047_42_48 |     0.104 |
|   coeff_reg_1984_2047_49_55 |     0.111 |
|   coeff_reg_1984_2047_56_59 |     0.078 |
|   coeff_reg_1984_2047_7_13  |     0.112 |
|   coeff_reg_2048_2111_0_6   |     0.098 |
|   coeff_reg_2048_2111_14_20 |     0.098 |
|   coeff_reg_2048_2111_21_27 |     0.113 |
|   coeff_reg_2048_2111_28_34 |     0.104 |
|   coeff_reg_2048_2111_35_41 |     0.101 |
|   coeff_reg_2048_2111_42_48 |     0.114 |
|   coeff_reg_2048_2111_49_55 |     0.102 |
|   coeff_reg_2048_2111_56_59 |     0.069 |
|   coeff_reg_2048_2111_7_13  |     0.090 |
|   coeff_reg_2112_2175_0_6   |     0.092 |
|   coeff_reg_2112_2175_14_20 |     0.096 |
|   coeff_reg_2112_2175_21_27 |     0.104 |
|   coeff_reg_2112_2175_28_34 |     0.109 |
|   coeff_reg_2112_2175_35_41 |     0.098 |
|   coeff_reg_2112_2175_42_48 |     0.111 |
|   coeff_reg_2112_2175_49_55 |     0.107 |
|   coeff_reg_2112_2175_56_59 |     0.072 |
|   coeff_reg_2112_2175_7_13  |     0.092 |
|   coeff_reg_2176_2239_0_6   |     0.098 |
|   coeff_reg_2176_2239_14_20 |     0.111 |
|   coeff_reg_2176_2239_21_27 |     0.102 |
|   coeff_reg_2176_2239_28_34 |     0.098 |
|   coeff_reg_2176_2239_35_41 |     0.107 |
|   coeff_reg_2176_2239_42_48 |     0.094 |
|   coeff_reg_2176_2239_49_55 |     0.106 |
|   coeff_reg_2176_2239_56_59 |     0.071 |
|   coeff_reg_2176_2239_7_13  |     0.097 |
|   coeff_reg_2240_2303_0_6   |     0.105 |
|   coeff_reg_2240_2303_14_20 |     0.119 |
|   coeff_reg_2240_2303_21_27 |     0.092 |
|   coeff_reg_2240_2303_28_34 |     0.096 |
|   coeff_reg_2240_2303_35_41 |     0.090 |
|   coeff_reg_2240_2303_42_48 |     0.092 |
|   coeff_reg_2240_2303_49_55 |     0.104 |
|   coeff_reg_2240_2303_56_59 |     0.076 |
|   coeff_reg_2240_2303_7_13  |     0.089 |
|   coeff_reg_2304_2367_0_6   |     0.097 |
|   coeff_reg_2304_2367_14_20 |     0.096 |
|   coeff_reg_2304_2367_21_27 |     0.103 |
|   coeff_reg_2304_2367_28_34 |     0.096 |
|   coeff_reg_2304_2367_35_41 |     0.094 |
|   coeff_reg_2304_2367_42_48 |     0.101 |
|   coeff_reg_2304_2367_49_55 |     0.097 |
|   coeff_reg_2304_2367_56_59 |     0.074 |
|   coeff_reg_2304_2367_7_13  |     0.090 |
|   coeff_reg_2368_2431_0_6   |     0.093 |
|   coeff_reg_2368_2431_14_20 |     0.103 |
|   coeff_reg_2368_2431_21_27 |     0.101 |
|   coeff_reg_2368_2431_28_34 |     0.115 |
|   coeff_reg_2368_2431_35_41 |     0.103 |
|   coeff_reg_2368_2431_42_48 |     0.104 |
|   coeff_reg_2368_2431_49_55 |     0.108 |
|   coeff_reg_2368_2431_56_59 |     0.078 |
|   coeff_reg_2368_2431_7_13  |     0.084 |
|   coeff_reg_2432_2495_0_6   |     0.097 |
|   coeff_reg_2432_2495_14_20 |     0.088 |
|   coeff_reg_2432_2495_21_27 |     0.107 |
|   coeff_reg_2432_2495_28_34 |     0.107 |
|   coeff_reg_2432_2495_35_41 |     0.097 |
|   coeff_reg_2432_2495_42_48 |     0.110 |
|   coeff_reg_2432_2495_49_55 |     0.086 |
|   coeff_reg_2432_2495_56_59 |     0.074 |
|   coeff_reg_2432_2495_7_13  |     0.105 |
|   coeff_reg_2496_2559_0_6   |     0.102 |
|   coeff_reg_2496_2559_14_20 |     0.094 |
|   coeff_reg_2496_2559_21_27 |     0.090 |
|   coeff_reg_2496_2559_28_34 |     0.088 |
|   coeff_reg_2496_2559_35_41 |     0.099 |
|   coeff_reg_2496_2559_42_48 |     0.094 |
|   coeff_reg_2496_2559_49_55 |     0.105 |
|   coeff_reg_2496_2559_56_59 |     0.071 |
|   coeff_reg_2496_2559_7_13  |     0.100 |
|   coeff_reg_2560_2623_0_6   |     0.096 |
|   coeff_reg_2560_2623_14_20 |     0.086 |
|   coeff_reg_2560_2623_21_27 |     0.099 |
|   coeff_reg_2560_2623_28_34 |     0.089 |
|   coeff_reg_2560_2623_35_41 |     0.086 |
|   coeff_reg_2560_2623_42_48 |     0.096 |
|   coeff_reg_2560_2623_49_55 |     0.088 |
|   coeff_reg_2560_2623_56_59 |     0.073 |
|   coeff_reg_2560_2623_7_13  |     0.100 |
|   coeff_reg_256_319_0_6     |     0.102 |
|   coeff_reg_256_319_14_20   |     0.091 |
|   coeff_reg_256_319_21_27   |     0.091 |
|   coeff_reg_256_319_28_34   |     0.106 |
|   coeff_reg_256_319_35_41   |     0.093 |
|   coeff_reg_256_319_42_48   |     0.095 |
|   coeff_reg_256_319_49_55   |     0.099 |
|   coeff_reg_256_319_56_59   |     0.072 |
|   coeff_reg_256_319_7_13    |     0.107 |
|   coeff_reg_2624_2687_0_6   |     0.095 |
|   coeff_reg_2624_2687_14_20 |     0.090 |
|   coeff_reg_2624_2687_21_27 |     0.092 |
|   coeff_reg_2624_2687_28_34 |     0.093 |
|   coeff_reg_2624_2687_35_41 |     0.098 |
|   coeff_reg_2624_2687_42_48 |     0.089 |
|   coeff_reg_2624_2687_49_55 |     0.093 |
|   coeff_reg_2624_2687_56_59 |     0.074 |
|   coeff_reg_2624_2687_7_13  |     0.093 |
|   coeff_reg_2688_2751_0_6   |     0.094 |
|   coeff_reg_2688_2751_14_20 |     0.104 |
|   coeff_reg_2688_2751_21_27 |     0.096 |
|   coeff_reg_2688_2751_28_34 |     0.092 |
|   coeff_reg_2688_2751_35_41 |     0.096 |
|   coeff_reg_2688_2751_42_48 |     0.095 |
|   coeff_reg_2688_2751_49_55 |     0.106 |
|   coeff_reg_2688_2751_56_59 |     0.076 |
|   coeff_reg_2688_2751_7_13  |     0.099 |
|   coeff_reg_2752_2815_0_6   |     0.094 |
|   coeff_reg_2752_2815_14_20 |     0.096 |
|   coeff_reg_2752_2815_21_27 |     0.104 |
|   coeff_reg_2752_2815_28_34 |     0.111 |
|   coeff_reg_2752_2815_35_41 |     0.092 |
|   coeff_reg_2752_2815_42_48 |     0.104 |
|   coeff_reg_2752_2815_49_55 |     0.104 |
|   coeff_reg_2752_2815_56_59 |     0.070 |
|   coeff_reg_2752_2815_7_13  |     0.093 |
|   coeff_reg_2816_2879_0_6   |     0.089 |
|   coeff_reg_2816_2879_14_20 |     0.101 |
|   coeff_reg_2816_2879_21_27 |     0.091 |
|   coeff_reg_2816_2879_28_34 |     0.092 |
|   coeff_reg_2816_2879_35_41 |     0.098 |
|   coeff_reg_2816_2879_42_48 |     0.102 |
|   coeff_reg_2816_2879_49_55 |     0.092 |
|   coeff_reg_2816_2879_56_59 |     0.071 |
|   coeff_reg_2816_2879_7_13  |     0.090 |
|   coeff_reg_2880_2943_0_6   |     0.102 |
|   coeff_reg_2880_2943_14_20 |     0.099 |
|   coeff_reg_2880_2943_21_27 |     0.092 |
|   coeff_reg_2880_2943_28_34 |     0.116 |
|   coeff_reg_2880_2943_35_41 |     0.099 |
|   coeff_reg_2880_2943_42_48 |     0.092 |
|   coeff_reg_2880_2943_49_55 |     0.091 |
|   coeff_reg_2880_2943_56_59 |     0.072 |
|   coeff_reg_2880_2943_7_13  |     0.101 |
|   coeff_reg_2944_3007_0_6   |     0.096 |
|   coeff_reg_2944_3007_14_20 |     0.114 |
|   coeff_reg_2944_3007_21_27 |     0.096 |
|   coeff_reg_2944_3007_28_34 |     0.094 |
|   coeff_reg_2944_3007_35_41 |     0.093 |
|   coeff_reg_2944_3007_42_48 |     0.090 |
|   coeff_reg_2944_3007_49_55 |     0.112 |
|   coeff_reg_2944_3007_56_59 |     0.072 |
|   coeff_reg_2944_3007_7_13  |     0.085 |
|   coeff_reg_3008_3071_0_6   |     0.095 |
|   coeff_reg_3008_3071_14_20 |     0.094 |
|   coeff_reg_3008_3071_21_27 |     0.104 |
|   coeff_reg_3008_3071_28_34 |     0.108 |
|   coeff_reg_3008_3071_35_41 |     0.089 |
|   coeff_reg_3008_3071_42_48 |     0.108 |
|   coeff_reg_3008_3071_49_55 |     0.106 |
|   coeff_reg_3008_3071_56_59 |     0.074 |
|   coeff_reg_3008_3071_7_13  |     0.092 |
|   coeff_reg_3072_3135_0_6   |     0.095 |
|   coeff_reg_3072_3135_14_20 |     0.095 |
|   coeff_reg_3072_3135_21_27 |     0.093 |
|   coeff_reg_3072_3135_28_34 |     0.093 |
|   coeff_reg_3072_3135_35_41 |     0.096 |
|   coeff_reg_3072_3135_42_48 |     0.096 |
|   coeff_reg_3072_3135_49_55 |     0.096 |
|   coeff_reg_3072_3135_56_59 |     0.085 |
|   coeff_reg_3072_3135_7_13  |     0.102 |
|   coeff_reg_3136_3199_0_6   |     0.096 |
|   coeff_reg_3136_3199_14_20 |     0.098 |
|   coeff_reg_3136_3199_21_27 |     0.093 |
|   coeff_reg_3136_3199_28_34 |     0.093 |
|   coeff_reg_3136_3199_35_41 |     0.095 |
|   coeff_reg_3136_3199_42_48 |     0.087 |
|   coeff_reg_3136_3199_49_55 |     0.094 |
|   coeff_reg_3136_3199_56_59 |     0.069 |
|   coeff_reg_3136_3199_7_13  |     0.093 |
|   coeff_reg_3200_3263_0_6   |     0.100 |
|   coeff_reg_3200_3263_14_20 |     0.100 |
|   coeff_reg_3200_3263_21_27 |     0.098 |
|   coeff_reg_3200_3263_28_34 |     0.106 |
|   coeff_reg_3200_3263_35_41 |     0.101 |
|   coeff_reg_3200_3263_42_48 |     0.097 |
|   coeff_reg_3200_3263_49_55 |     0.098 |
|   coeff_reg_3200_3263_56_59 |     0.071 |
|   coeff_reg_3200_3263_7_13  |     0.093 |
|   coeff_reg_320_383_0_6     |     0.098 |
|   coeff_reg_320_383_14_20   |     0.103 |
|   coeff_reg_320_383_21_27   |     0.096 |
|   coeff_reg_320_383_28_34   |     0.104 |
|   coeff_reg_320_383_35_41   |     0.092 |
|   coeff_reg_320_383_42_48   |     0.092 |
|   coeff_reg_320_383_49_55   |     0.089 |
|   coeff_reg_320_383_56_59   |     0.076 |
|   coeff_reg_320_383_7_13    |     0.091 |
|   coeff_reg_3264_3327_0_6   |     0.103 |
|   coeff_reg_3264_3327_14_20 |     0.094 |
|   coeff_reg_3264_3327_21_27 |     0.090 |
|   coeff_reg_3264_3327_28_34 |     0.090 |
|   coeff_reg_3264_3327_35_41 |     0.089 |
|   coeff_reg_3264_3327_42_48 |     0.102 |
|   coeff_reg_3264_3327_49_55 |     0.088 |
|   coeff_reg_3264_3327_56_59 |     0.076 |
|   coeff_reg_3264_3327_7_13  |     0.098 |
|   coeff_reg_3328_3391_0_6   |     0.104 |
|   coeff_reg_3328_3391_14_20 |     0.097 |
|   coeff_reg_3328_3391_21_27 |     0.095 |
|   coeff_reg_3328_3391_28_34 |     0.086 |
|   coeff_reg_3328_3391_35_41 |     0.094 |
|   coeff_reg_3328_3391_42_48 |     0.098 |
|   coeff_reg_3328_3391_49_55 |     0.095 |
|   coeff_reg_3328_3391_56_59 |     0.084 |
|   coeff_reg_3328_3391_7_13  |     0.091 |
|   coeff_reg_3392_3455_0_6   |     0.092 |
|   coeff_reg_3392_3455_14_20 |     0.090 |
|   coeff_reg_3392_3455_21_27 |     0.093 |
|   coeff_reg_3392_3455_28_34 |     0.091 |
|   coeff_reg_3392_3455_35_41 |     0.087 |
|   coeff_reg_3392_3455_42_48 |     0.090 |
|   coeff_reg_3392_3455_49_55 |     0.095 |
|   coeff_reg_3392_3455_56_59 |     0.071 |
|   coeff_reg_3392_3455_7_13  |     0.100 |
|   coeff_reg_3456_3519_0_6   |     0.093 |
|   coeff_reg_3456_3519_14_20 |     0.096 |
|   coeff_reg_3456_3519_21_27 |     0.089 |
|   coeff_reg_3456_3519_28_34 |     0.097 |
|   coeff_reg_3456_3519_35_41 |     0.098 |
|   coeff_reg_3456_3519_42_48 |     0.101 |
|   coeff_reg_3456_3519_49_55 |     0.092 |
|   coeff_reg_3456_3519_56_59 |     0.071 |
|   coeff_reg_3456_3519_7_13  |     0.094 |
|   coeff_reg_3520_3583_0_6   |     0.093 |
|   coeff_reg_3520_3583_14_20 |     0.092 |
|   coeff_reg_3520_3583_21_27 |     0.092 |
|   coeff_reg_3520_3583_28_34 |     0.088 |
|   coeff_reg_3520_3583_35_41 |     0.094 |
|   coeff_reg_3520_3583_42_48 |     0.095 |
|   coeff_reg_3520_3583_49_55 |     0.096 |
|   coeff_reg_3520_3583_56_59 |     0.068 |
|   coeff_reg_3520_3583_7_13  |     0.094 |
|   coeff_reg_3584_3647_0_6   |     0.099 |
|   coeff_reg_3584_3647_14_20 |     0.093 |
|   coeff_reg_3584_3647_21_27 |     0.093 |
|   coeff_reg_3584_3647_28_34 |     0.098 |
|   coeff_reg_3584_3647_35_41 |     0.095 |
|   coeff_reg_3584_3647_42_48 |     0.097 |
|   coeff_reg_3584_3647_49_55 |     0.092 |
|   coeff_reg_3584_3647_56_59 |     0.085 |
|   coeff_reg_3584_3647_7_13  |     0.095 |
|   coeff_reg_3648_3711_0_6   |     0.090 |
|   coeff_reg_3648_3711_14_20 |     0.098 |
|   coeff_reg_3648_3711_21_27 |     0.096 |
|   coeff_reg_3648_3711_28_34 |     0.100 |
|   coeff_reg_3648_3711_35_41 |     0.095 |
|   coeff_reg_3648_3711_42_48 |     0.098 |
|   coeff_reg_3648_3711_49_55 |     0.094 |
|   coeff_reg_3648_3711_56_59 |     0.075 |
|   coeff_reg_3648_3711_7_13  |     0.098 |
|   coeff_reg_3712_3775_0_6   |     0.098 |
|   coeff_reg_3712_3775_14_20 |     0.105 |
|   coeff_reg_3712_3775_21_27 |     0.092 |
|   coeff_reg_3712_3775_28_34 |     0.093 |
|   coeff_reg_3712_3775_35_41 |     0.094 |
|   coeff_reg_3712_3775_42_48 |     0.086 |
|   coeff_reg_3712_3775_49_55 |     0.092 |
|   coeff_reg_3712_3775_56_59 |     0.071 |
|   coeff_reg_3712_3775_7_13  |     0.101 |
|   coeff_reg_3776_3839_0_6   |     0.088 |
|   coeff_reg_3776_3839_14_20 |     0.090 |
|   coeff_reg_3776_3839_21_27 |     0.099 |
|   coeff_reg_3776_3839_28_34 |     0.091 |
|   coeff_reg_3776_3839_35_41 |     0.099 |
|   coeff_reg_3776_3839_42_48 |     0.098 |
|   coeff_reg_3776_3839_49_55 |     0.096 |
|   coeff_reg_3776_3839_56_59 |     0.073 |
|   coeff_reg_3776_3839_7_13  |     0.089 |
|   coeff_reg_3840_3903_0_6   |     0.098 |
|   coeff_reg_3840_3903_14_20 |     0.088 |
|   coeff_reg_3840_3903_21_27 |     0.088 |
|   coeff_reg_3840_3903_28_34 |     0.095 |
|   coeff_reg_3840_3903_35_41 |     0.092 |
|   coeff_reg_3840_3903_42_48 |     0.101 |
|   coeff_reg_3840_3903_49_55 |     0.092 |
|   coeff_reg_3840_3903_56_59 |     0.080 |
|   coeff_reg_3840_3903_7_13  |     0.106 |
|   coeff_reg_384_447_0_6     |     0.104 |
|   coeff_reg_384_447_14_20   |     0.087 |
|   coeff_reg_384_447_21_27   |     0.106 |
|   coeff_reg_384_447_28_34   |     0.091 |
|   coeff_reg_384_447_35_41   |     0.101 |
|   coeff_reg_384_447_42_48   |     0.098 |
|   coeff_reg_384_447_49_55   |     0.091 |
|   coeff_reg_384_447_56_59   |     0.067 |
|   coeff_reg_384_447_7_13    |     0.094 |
|   coeff_reg_3904_3967_0_6   |     0.096 |
|   coeff_reg_3904_3967_14_20 |     0.094 |
|   coeff_reg_3904_3967_21_27 |     0.093 |
|   coeff_reg_3904_3967_28_34 |     0.091 |
|   coeff_reg_3904_3967_35_41 |     0.093 |
|   coeff_reg_3904_3967_42_48 |     0.098 |
|   coeff_reg_3904_3967_49_55 |     0.095 |
|   coeff_reg_3904_3967_56_59 |     0.086 |
|   coeff_reg_3904_3967_7_13  |     0.103 |
|   coeff_reg_3968_4031_0_6   |     0.096 |
|   coeff_reg_3968_4031_14_20 |     0.100 |
|   coeff_reg_3968_4031_21_27 |     0.102 |
|   coeff_reg_3968_4031_28_34 |     0.089 |
|   coeff_reg_3968_4031_35_41 |     0.090 |
|   coeff_reg_3968_4031_42_48 |     0.090 |
|   coeff_reg_3968_4031_49_55 |     0.090 |
|   coeff_reg_3968_4031_56_59 |     0.080 |
|   coeff_reg_3968_4031_7_13  |     0.089 |
|   coeff_reg_4032_4095_0_6   |     0.093 |
|   coeff_reg_4032_4095_14_20 |     0.097 |
|   coeff_reg_4032_4095_21_27 |     0.099 |
|   coeff_reg_4032_4095_28_34 |     0.100 |
|   coeff_reg_4032_4095_35_41 |     0.094 |
|   coeff_reg_4032_4095_42_48 |     0.086 |
|   coeff_reg_4032_4095_49_55 |     0.089 |
|   coeff_reg_4032_4095_56_59 |     0.076 |
|   coeff_reg_4032_4095_7_13  |     0.097 |
|   coeff_reg_4096_4159_0_6   |     0.097 |
|   coeff_reg_4096_4159_14_20 |     0.099 |
|   coeff_reg_4096_4159_21_27 |     0.094 |
|   coeff_reg_4096_4159_28_34 |     0.094 |
|   coeff_reg_4096_4159_35_41 |     0.096 |
|   coeff_reg_4096_4159_42_48 |     0.092 |
|   coeff_reg_4096_4159_49_55 |     0.100 |
|   coeff_reg_4096_4159_56_59 |     0.077 |
|   coeff_reg_4096_4159_7_13  |     0.095 |
|   coeff_reg_4160_4223_0_6   |     0.093 |
|   coeff_reg_4160_4223_14_20 |     0.096 |
|   coeff_reg_4160_4223_21_27 |     0.093 |
|   coeff_reg_4160_4223_28_34 |     0.090 |
|   coeff_reg_4160_4223_35_41 |     0.091 |
|   coeff_reg_4160_4223_42_48 |     0.088 |
|   coeff_reg_4160_4223_49_55 |     0.091 |
|   coeff_reg_4160_4223_56_59 |     0.077 |
|   coeff_reg_4160_4223_7_13  |     0.094 |
|   coeff_reg_4224_4287_0_6   |     0.101 |
|   coeff_reg_4224_4287_14_20 |     0.101 |
|   coeff_reg_4224_4287_21_27 |     0.093 |
|   coeff_reg_4224_4287_28_34 |     0.091 |
|   coeff_reg_4224_4287_35_41 |     0.102 |
|   coeff_reg_4224_4287_42_48 |     0.090 |
|   coeff_reg_4224_4287_49_55 |     0.096 |
|   coeff_reg_4224_4287_56_59 |     0.076 |
|   coeff_reg_4224_4287_7_13  |     0.101 |
|   coeff_reg_4288_4351_0_6   |     0.096 |
|   coeff_reg_4288_4351_14_20 |     0.094 |
|   coeff_reg_4288_4351_21_27 |     0.092 |
|   coeff_reg_4288_4351_28_34 |     0.100 |
|   coeff_reg_4288_4351_35_41 |     0.092 |
|   coeff_reg_4288_4351_42_48 |     0.090 |
|   coeff_reg_4288_4351_49_55 |     0.099 |
|   coeff_reg_4288_4351_56_59 |     0.074 |
|   coeff_reg_4288_4351_7_13  |     0.101 |
|   coeff_reg_4352_4415_0_6   |     0.094 |
|   coeff_reg_4352_4415_14_20 |     0.097 |
|   coeff_reg_4352_4415_21_27 |     0.095 |
|   coeff_reg_4352_4415_28_34 |     0.092 |
|   coeff_reg_4352_4415_35_41 |     0.103 |
|   coeff_reg_4352_4415_42_48 |     0.087 |
|   coeff_reg_4352_4415_49_55 |     0.107 |
|   coeff_reg_4352_4415_56_59 |     0.079 |
|   coeff_reg_4352_4415_7_13  |     0.097 |
|   coeff_reg_4416_4479_0_6   |     0.096 |
|   coeff_reg_4416_4479_14_20 |     0.091 |
|   coeff_reg_4416_4479_21_27 |     0.096 |
|   coeff_reg_4416_4479_28_34 |     0.091 |
|   coeff_reg_4416_4479_35_41 |     0.101 |
|   coeff_reg_4416_4479_42_48 |     0.090 |
|   coeff_reg_4416_4479_49_55 |     0.095 |
|   coeff_reg_4416_4479_56_59 |     0.072 |
|   coeff_reg_4416_4479_7_13  |     0.095 |
|   coeff_reg_4480_4543_0_6   |     0.099 |
|   coeff_reg_4480_4543_14_20 |     0.104 |
|   coeff_reg_4480_4543_21_27 |     0.089 |
|   coeff_reg_4480_4543_28_34 |     0.097 |
|   coeff_reg_4480_4543_35_41 |     0.099 |
|   coeff_reg_4480_4543_42_48 |     0.094 |
|   coeff_reg_4480_4543_49_55 |     0.091 |
|   coeff_reg_4480_4543_56_59 |     0.072 |
|   coeff_reg_4480_4543_7_13  |     0.098 |
|   coeff_reg_448_511_0_6     |     0.103 |
|   coeff_reg_448_511_14_20   |     0.099 |
|   coeff_reg_448_511_21_27   |     0.091 |
|   coeff_reg_448_511_28_34   |     0.095 |
|   coeff_reg_448_511_35_41   |     0.097 |
|   coeff_reg_448_511_42_48   |     0.099 |
|   coeff_reg_448_511_49_55   |     0.099 |
|   coeff_reg_448_511_56_59   |     0.073 |
|   coeff_reg_448_511_7_13    |     0.114 |
|   coeff_reg_4544_4607_0_6   |     0.093 |
|   coeff_reg_4544_4607_14_20 |     0.087 |
|   coeff_reg_4544_4607_21_27 |     0.091 |
|   coeff_reg_4544_4607_28_34 |     0.096 |
|   coeff_reg_4544_4607_35_41 |     0.100 |
|   coeff_reg_4544_4607_42_48 |     0.087 |
|   coeff_reg_4544_4607_49_55 |     0.097 |
|   coeff_reg_4544_4607_56_59 |     0.079 |
|   coeff_reg_4544_4607_7_13  |     0.091 |
|   coeff_reg_4608_4671_0_6   |     0.099 |
|   coeff_reg_4608_4671_14_20 |     0.102 |
|   coeff_reg_4608_4671_21_27 |     0.096 |
|   coeff_reg_4608_4671_28_34 |     0.100 |
|   coeff_reg_4608_4671_35_41 |     0.103 |
|   coeff_reg_4608_4671_42_48 |     0.098 |
|   coeff_reg_4608_4671_49_55 |     0.096 |
|   coeff_reg_4608_4671_56_59 |     0.073 |
|   coeff_reg_4608_4671_7_13  |     0.093 |
|   coeff_reg_4672_4735_0_6   |     0.097 |
|   coeff_reg_4672_4735_14_20 |     0.089 |
|   coeff_reg_4672_4735_21_27 |     0.100 |
|   coeff_reg_4672_4735_28_34 |     0.094 |
|   coeff_reg_4672_4735_35_41 |     0.101 |
|   coeff_reg_4672_4735_42_48 |     0.097 |
|   coeff_reg_4672_4735_49_55 |     0.096 |
|   coeff_reg_4672_4735_56_59 |     0.074 |
|   coeff_reg_4672_4735_7_13  |     0.104 |
|   coeff_reg_4736_4799_0_6   |     0.093 |
|   coeff_reg_4736_4799_14_20 |     0.094 |
|   coeff_reg_4736_4799_21_27 |     0.097 |
|   coeff_reg_4736_4799_28_34 |     0.100 |
|   coeff_reg_4736_4799_35_41 |     0.099 |
|   coeff_reg_4736_4799_42_48 |     0.088 |
|   coeff_reg_4736_4799_49_55 |     0.099 |
|   coeff_reg_4736_4799_56_59 |     0.072 |
|   coeff_reg_4736_4799_7_13  |     0.097 |
|   coeff_reg_4800_4863_0_6   |     0.102 |
|   coeff_reg_4800_4863_14_20 |     0.101 |
|   coeff_reg_4800_4863_21_27 |     0.102 |
|   coeff_reg_4800_4863_28_34 |     0.099 |
|   coeff_reg_4800_4863_35_41 |     0.088 |
|   coeff_reg_4800_4863_42_48 |     0.093 |
|   coeff_reg_4800_4863_49_55 |     0.085 |
|   coeff_reg_4800_4863_56_59 |     0.077 |
|   coeff_reg_4800_4863_7_13  |     0.088 |
|   coeff_reg_4864_4927_0_6   |     0.098 |
|   coeff_reg_4864_4927_14_20 |     0.089 |
|   coeff_reg_4864_4927_21_27 |     0.089 |
|   coeff_reg_4864_4927_28_34 |     0.092 |
|   coeff_reg_4864_4927_35_41 |     0.099 |
|   coeff_reg_4864_4927_42_48 |     0.101 |
|   coeff_reg_4864_4927_49_55 |     0.089 |
|   coeff_reg_4864_4927_56_59 |     0.073 |
|   coeff_reg_4864_4927_7_13  |     0.091 |
|   coeff_reg_4928_4991_0_6   |     0.099 |
|   coeff_reg_4928_4991_14_20 |     0.098 |
|   coeff_reg_4928_4991_21_27 |     0.091 |
|   coeff_reg_4928_4991_28_34 |     0.096 |
|   coeff_reg_4928_4991_35_41 |     0.097 |
|   coeff_reg_4928_4991_42_48 |     0.092 |
|   coeff_reg_4928_4991_49_55 |     0.095 |
|   coeff_reg_4928_4991_56_59 |     0.075 |
|   coeff_reg_4928_4991_7_13  |     0.087 |
|   coeff_reg_4992_5055_0_6   |     0.092 |
|   coeff_reg_4992_5055_14_20 |     0.091 |
|   coeff_reg_4992_5055_21_27 |     0.100 |
|   coeff_reg_4992_5055_28_34 |     0.096 |
|   coeff_reg_4992_5055_35_41 |     0.095 |
|   coeff_reg_4992_5055_42_48 |     0.094 |
|   coeff_reg_4992_5055_49_55 |     0.102 |
|   coeff_reg_4992_5055_56_59 |     0.075 |
|   coeff_reg_4992_5055_7_13  |     0.102 |
|   coeff_reg_5056_5119_0_6   |     0.099 |
|   coeff_reg_5056_5119_14_20 |     0.093 |
|   coeff_reg_5056_5119_21_27 |     0.099 |
|   coeff_reg_5056_5119_28_34 |     0.093 |
|   coeff_reg_5056_5119_35_41 |     0.099 |
|   coeff_reg_5056_5119_42_48 |     0.105 |
|   coeff_reg_5056_5119_49_55 |     0.095 |
|   coeff_reg_5056_5119_56_59 |     0.078 |
|   coeff_reg_5056_5119_7_13  |     0.094 |
|   coeff_reg_5120_5183_0_6   |     0.090 |
|   coeff_reg_5120_5183_14_20 |     0.092 |
|   coeff_reg_5120_5183_21_27 |     0.092 |
|   coeff_reg_5120_5183_28_34 |     0.093 |
|   coeff_reg_5120_5183_35_41 |     0.092 |
|   coeff_reg_5120_5183_42_48 |     0.089 |
|   coeff_reg_5120_5183_49_55 |     0.095 |
|   coeff_reg_5120_5183_56_59 |     0.080 |
|   coeff_reg_5120_5183_7_13  |     0.099 |
|   coeff_reg_512_575_0_6     |     0.108 |
|   coeff_reg_512_575_14_20   |     0.108 |
|   coeff_reg_512_575_21_27   |     0.088 |
|   coeff_reg_512_575_28_34   |     0.088 |
|   coeff_reg_512_575_35_41   |     0.097 |
|   coeff_reg_512_575_42_48   |     0.088 |
|   coeff_reg_512_575_49_55   |     0.092 |
|   coeff_reg_512_575_56_59   |     0.073 |
|   coeff_reg_512_575_7_13    |     0.091 |
|   coeff_reg_5184_5247_0_6   |     0.089 |
|   coeff_reg_5184_5247_14_20 |     0.093 |
|   coeff_reg_5184_5247_21_27 |     0.096 |
|   coeff_reg_5184_5247_28_34 |     0.085 |
|   coeff_reg_5184_5247_35_41 |     0.100 |
|   coeff_reg_5184_5247_42_48 |     0.101 |
|   coeff_reg_5184_5247_49_55 |     0.092 |
|   coeff_reg_5184_5247_56_59 |     0.073 |
|   coeff_reg_5184_5247_7_13  |     0.098 |
|   coeff_reg_5248_5311_0_6   |     0.094 |
|   coeff_reg_5248_5311_14_20 |     0.103 |
|   coeff_reg_5248_5311_21_27 |     0.103 |
|   coeff_reg_5248_5311_28_34 |     0.093 |
|   coeff_reg_5248_5311_35_41 |     0.095 |
|   coeff_reg_5248_5311_42_48 |     0.093 |
|   coeff_reg_5248_5311_49_55 |     0.091 |
|   coeff_reg_5248_5311_56_59 |     0.073 |
|   coeff_reg_5248_5311_7_13  |     0.086 |
|   coeff_reg_5312_5375_0_6   |     0.097 |
|   coeff_reg_5312_5375_14_20 |     0.101 |
|   coeff_reg_5312_5375_21_27 |     0.088 |
|   coeff_reg_5312_5375_28_34 |     0.094 |
|   coeff_reg_5312_5375_35_41 |     0.093 |
|   coeff_reg_5312_5375_42_48 |     0.101 |
|   coeff_reg_5312_5375_49_55 |     0.096 |
|   coeff_reg_5312_5375_56_59 |     0.077 |
|   coeff_reg_5312_5375_7_13  |     0.100 |
|   coeff_reg_5376_5439_0_6   |     0.098 |
|   coeff_reg_5376_5439_14_20 |     0.089 |
|   coeff_reg_5376_5439_21_27 |     0.094 |
|   coeff_reg_5376_5439_28_34 |     0.108 |
|   coeff_reg_5376_5439_35_41 |     0.097 |
|   coeff_reg_5376_5439_42_48 |     0.085 |
|   coeff_reg_5376_5439_49_55 |     0.101 |
|   coeff_reg_5376_5439_56_59 |     0.078 |
|   coeff_reg_5376_5439_7_13  |     0.092 |
|   coeff_reg_5440_5503_0_6   |     0.094 |
|   coeff_reg_5440_5503_14_20 |     0.106 |
|   coeff_reg_5440_5503_21_27 |     0.095 |
|   coeff_reg_5440_5503_28_34 |     0.092 |
|   coeff_reg_5440_5503_35_41 |     0.088 |
|   coeff_reg_5440_5503_42_48 |     0.101 |
|   coeff_reg_5440_5503_49_55 |     0.097 |
|   coeff_reg_5440_5503_56_59 |     0.073 |
|   coeff_reg_5440_5503_7_13  |     0.096 |
|   coeff_reg_5504_5567_0_6   |     0.094 |
|   coeff_reg_5504_5567_14_20 |     0.101 |
|   coeff_reg_5504_5567_21_27 |     0.100 |
|   coeff_reg_5504_5567_28_34 |     0.096 |
|   coeff_reg_5504_5567_35_41 |     0.098 |
|   coeff_reg_5504_5567_42_48 |     0.098 |
|   coeff_reg_5504_5567_49_55 |     0.095 |
|   coeff_reg_5504_5567_56_59 |     0.077 |
|   coeff_reg_5504_5567_7_13  |     0.097 |
|   coeff_reg_5568_5631_0_6   |     0.099 |
|   coeff_reg_5568_5631_14_20 |     0.096 |
|   coeff_reg_5568_5631_21_27 |     0.097 |
|   coeff_reg_5568_5631_28_34 |     0.097 |
|   coeff_reg_5568_5631_35_41 |     0.098 |
|   coeff_reg_5568_5631_42_48 |     0.097 |
|   coeff_reg_5568_5631_49_55 |     0.105 |
|   coeff_reg_5568_5631_56_59 |     0.075 |
|   coeff_reg_5568_5631_7_13  |     0.090 |
|   coeff_reg_5632_5695_0_6   |     0.090 |
|   coeff_reg_5632_5695_14_20 |     0.099 |
|   coeff_reg_5632_5695_21_27 |     0.099 |
|   coeff_reg_5632_5695_28_34 |     0.089 |
|   coeff_reg_5632_5695_35_41 |     0.092 |
|   coeff_reg_5632_5695_42_48 |     0.086 |
|   coeff_reg_5632_5695_49_55 |     0.087 |
|   coeff_reg_5632_5695_56_59 |     0.079 |
|   coeff_reg_5632_5695_7_13  |     0.097 |
|   coeff_reg_5696_5759_0_6   |     0.095 |
|   coeff_reg_5696_5759_14_20 |     0.086 |
|   coeff_reg_5696_5759_21_27 |     0.086 |
|   coeff_reg_5696_5759_28_34 |     0.088 |
|   coeff_reg_5696_5759_35_41 |     0.092 |
|   coeff_reg_5696_5759_42_48 |     0.099 |
|   coeff_reg_5696_5759_49_55 |     0.098 |
|   coeff_reg_5696_5759_56_59 |     0.073 |
|   coeff_reg_5696_5759_7_13  |     0.096 |
|   coeff_reg_5760_5823_0_6   |     0.108 |
|   coeff_reg_5760_5823_14_20 |     0.124 |
|   coeff_reg_5760_5823_21_27 |     0.103 |
|   coeff_reg_5760_5823_28_34 |     0.099 |
|   coeff_reg_5760_5823_35_41 |     0.094 |
|   coeff_reg_5760_5823_42_48 |     0.087 |
|   coeff_reg_5760_5823_49_55 |     0.088 |
|   coeff_reg_5760_5823_56_59 |     0.076 |
|   coeff_reg_5760_5823_7_13  |     0.095 |
|   coeff_reg_576_639_0_6     |     0.104 |
|   coeff_reg_576_639_14_20   |     0.101 |
|   coeff_reg_576_639_21_27   |     0.097 |
|   coeff_reg_576_639_28_34   |     0.090 |
|   coeff_reg_576_639_35_41   |     0.098 |
|   coeff_reg_576_639_42_48   |     0.098 |
|   coeff_reg_576_639_49_55   |     0.093 |
|   coeff_reg_576_639_56_59   |     0.074 |
|   coeff_reg_576_639_7_13    |     0.089 |
|   coeff_reg_5824_5887_0_6   |     0.094 |
|   coeff_reg_5824_5887_14_20 |     0.088 |
|   coeff_reg_5824_5887_21_27 |     0.089 |
|   coeff_reg_5824_5887_28_34 |     0.099 |
|   coeff_reg_5824_5887_35_41 |     0.098 |
|   coeff_reg_5824_5887_42_48 |     0.096 |
|   coeff_reg_5824_5887_49_55 |     0.086 |
|   coeff_reg_5824_5887_56_59 |     0.075 |
|   coeff_reg_5824_5887_7_13  |     0.090 |
|   coeff_reg_5888_5951_0_6   |     0.100 |
|   coeff_reg_5888_5951_14_20 |     0.095 |
|   coeff_reg_5888_5951_21_27 |     0.088 |
|   coeff_reg_5888_5951_28_34 |     0.092 |
|   coeff_reg_5888_5951_35_41 |     0.098 |
|   coeff_reg_5888_5951_42_48 |     0.087 |
|   coeff_reg_5888_5951_49_55 |     0.094 |
|   coeff_reg_5888_5951_56_59 |     0.076 |
|   coeff_reg_5888_5951_7_13  |     0.095 |
|   coeff_reg_5952_6015_0_6   |     0.089 |
|   coeff_reg_5952_6015_14_20 |     0.095 |
|   coeff_reg_5952_6015_21_27 |     0.096 |
|   coeff_reg_5952_6015_28_34 |     0.089 |
|   coeff_reg_5952_6015_35_41 |     0.092 |
|   coeff_reg_5952_6015_42_48 |     0.089 |
|   coeff_reg_5952_6015_49_55 |     0.098 |
|   coeff_reg_5952_6015_56_59 |     0.076 |
|   coeff_reg_5952_6015_7_13  |     0.088 |
|   coeff_reg_6016_6079_0_6   |     0.098 |
|   coeff_reg_6016_6079_14_20 |     0.095 |
|   coeff_reg_6016_6079_21_27 |     0.095 |
|   coeff_reg_6016_6079_28_34 |     0.098 |
|   coeff_reg_6016_6079_35_41 |     0.091 |
|   coeff_reg_6016_6079_42_48 |     0.099 |
|   coeff_reg_6016_6079_49_55 |     0.100 |
|   coeff_reg_6016_6079_56_59 |     0.073 |
|   coeff_reg_6016_6079_7_13  |     0.091 |
|   coeff_reg_6080_6143_0_6   |     0.095 |
|   coeff_reg_6080_6143_14_20 |     0.095 |
|   coeff_reg_6080_6143_21_27 |     0.086 |
|   coeff_reg_6080_6143_28_34 |     0.095 |
|   coeff_reg_6080_6143_35_41 |     0.099 |
|   coeff_reg_6080_6143_42_48 |     0.096 |
|   coeff_reg_6080_6143_49_55 |     0.101 |
|   coeff_reg_6080_6143_56_59 |     0.075 |
|   coeff_reg_6080_6143_7_13  |     0.087 |
|   coeff_reg_6144_6207_0_6   |     0.094 |
|   coeff_reg_6144_6207_14_20 |     0.090 |
|   coeff_reg_6144_6207_21_27 |     0.100 |
|   coeff_reg_6144_6207_28_34 |     0.096 |
|   coeff_reg_6144_6207_35_41 |     0.098 |
|   coeff_reg_6144_6207_42_48 |     0.094 |
|   coeff_reg_6144_6207_49_55 |     0.094 |
|   coeff_reg_6144_6207_56_59 |     0.067 |
|   coeff_reg_6144_6207_7_13  |     0.090 |
|   coeff_reg_6208_6271_0_6   |     0.088 |
|   coeff_reg_6208_6271_14_20 |     0.099 |
|   coeff_reg_6208_6271_21_27 |     0.097 |
|   coeff_reg_6208_6271_28_34 |     0.097 |
|   coeff_reg_6208_6271_35_41 |     0.097 |
|   coeff_reg_6208_6271_42_48 |     0.096 |
|   coeff_reg_6208_6271_49_55 |     0.096 |
|   coeff_reg_6208_6271_56_59 |     0.074 |
|   coeff_reg_6208_6271_7_13  |     0.102 |
|   coeff_reg_6272_6335_0_6   |     0.099 |
|   coeff_reg_6272_6335_14_20 |     0.101 |
|   coeff_reg_6272_6335_21_27 |     0.095 |
|   coeff_reg_6272_6335_28_34 |     0.092 |
|   coeff_reg_6272_6335_35_41 |     0.101 |
|   coeff_reg_6272_6335_42_48 |     0.095 |
|   coeff_reg_6272_6335_49_55 |     0.094 |
|   coeff_reg_6272_6335_56_59 |     0.069 |
|   coeff_reg_6272_6335_7_13  |     0.106 |
|   coeff_reg_6336_6399_0_6   |     0.092 |
|   coeff_reg_6336_6399_14_20 |     0.093 |
|   coeff_reg_6336_6399_21_27 |     0.104 |
|   coeff_reg_6336_6399_28_34 |     0.099 |
|   coeff_reg_6336_6399_35_41 |     0.099 |
|   coeff_reg_6336_6399_42_48 |     0.089 |
|   coeff_reg_6336_6399_49_55 |     0.094 |
|   coeff_reg_6336_6399_56_59 |     0.096 |
|   coeff_reg_6336_6399_7_13  |     0.097 |
|   coeff_reg_6400_6463_0_6   |     0.093 |
|   coeff_reg_6400_6463_14_20 |     0.095 |
|   coeff_reg_6400_6463_21_27 |     0.098 |
|   coeff_reg_6400_6463_28_34 |     0.103 |
|   coeff_reg_6400_6463_35_41 |     0.088 |
|   coeff_reg_6400_6463_42_48 |     0.096 |
|   coeff_reg_6400_6463_49_55 |     0.096 |
|   coeff_reg_6400_6463_56_59 |     0.082 |
|   coeff_reg_6400_6463_7_13  |     0.090 |
|   coeff_reg_640_703_0_6     |     0.088 |
|   coeff_reg_640_703_14_20   |     0.099 |
|   coeff_reg_640_703_21_27   |     0.092 |
|   coeff_reg_640_703_28_34   |     0.096 |
|   coeff_reg_640_703_35_41   |     0.092 |
|   coeff_reg_640_703_42_48   |     0.095 |
|   coeff_reg_640_703_49_55   |     0.088 |
|   coeff_reg_640_703_56_59   |     0.073 |
|   coeff_reg_640_703_7_13    |     0.097 |
|   coeff_reg_6464_6527_0_6   |     0.097 |
|   coeff_reg_6464_6527_14_20 |     0.098 |
|   coeff_reg_6464_6527_21_27 |     0.095 |
|   coeff_reg_6464_6527_28_34 |     0.092 |
|   coeff_reg_6464_6527_35_41 |     0.096 |
|   coeff_reg_6464_6527_42_48 |     0.097 |
|   coeff_reg_6464_6527_49_55 |     0.099 |
|   coeff_reg_6464_6527_56_59 |     0.075 |
|   coeff_reg_6464_6527_7_13  |     0.099 |
|   coeff_reg_64_127_0_6      |     0.106 |
|   coeff_reg_64_127_14_20    |     0.093 |
|   coeff_reg_64_127_21_27    |     0.092 |
|   coeff_reg_64_127_28_34    |     0.101 |
|   coeff_reg_64_127_35_41    |     0.093 |
|   coeff_reg_64_127_42_48    |     0.088 |
|   coeff_reg_64_127_49_55    |     0.099 |
|   coeff_reg_64_127_56_59    |     0.069 |
|   coeff_reg_64_127_7_13     |     0.108 |
|   coeff_reg_6528_6591_0_6   |     0.092 |
|   coeff_reg_6528_6591_14_20 |     0.089 |
|   coeff_reg_6528_6591_21_27 |     0.091 |
|   coeff_reg_6528_6591_28_34 |     0.096 |
|   coeff_reg_6528_6591_35_41 |     0.086 |
|   coeff_reg_6528_6591_42_48 |     0.092 |
|   coeff_reg_6528_6591_49_55 |     0.094 |
|   coeff_reg_6528_6591_56_59 |     0.087 |
|   coeff_reg_6528_6591_7_13  |     0.104 |
|   coeff_reg_6592_6655_0_6   |     0.103 |
|   coeff_reg_6592_6655_14_20 |     0.094 |
|   coeff_reg_6592_6655_21_27 |     0.097 |
|   coeff_reg_6592_6655_28_34 |     0.092 |
|   coeff_reg_6592_6655_35_41 |     0.089 |
|   coeff_reg_6592_6655_42_48 |     0.109 |
|   coeff_reg_6592_6655_49_55 |     0.092 |
|   coeff_reg_6592_6655_56_59 |     0.071 |
|   coeff_reg_6592_6655_7_13  |     0.099 |
|   coeff_reg_6656_6719_0_6   |     0.096 |
|   coeff_reg_6656_6719_14_20 |     0.098 |
|   coeff_reg_6656_6719_21_27 |     0.093 |
|   coeff_reg_6656_6719_28_34 |     0.089 |
|   coeff_reg_6656_6719_35_41 |     0.100 |
|   coeff_reg_6656_6719_42_48 |     0.099 |
|   coeff_reg_6656_6719_49_55 |     0.095 |
|   coeff_reg_6656_6719_56_59 |     0.078 |
|   coeff_reg_6656_6719_7_13  |     0.096 |
|   coeff_reg_6720_6783_0_6   |     0.096 |
|   coeff_reg_6720_6783_14_20 |     0.098 |
|   coeff_reg_6720_6783_21_27 |     0.097 |
|   coeff_reg_6720_6783_28_34 |     0.094 |
|   coeff_reg_6720_6783_35_41 |     0.101 |
|   coeff_reg_6720_6783_42_48 |     0.100 |
|   coeff_reg_6720_6783_49_55 |     0.090 |
|   coeff_reg_6720_6783_56_59 |     0.082 |
|   coeff_reg_6720_6783_7_13  |     0.106 |
|   coeff_reg_6784_6847_0_6   |     0.086 |
|   coeff_reg_6784_6847_14_20 |     0.092 |
|   coeff_reg_6784_6847_21_27 |     0.109 |
|   coeff_reg_6784_6847_28_34 |     0.091 |
|   coeff_reg_6784_6847_35_41 |     0.095 |
|   coeff_reg_6784_6847_42_48 |     0.090 |
|   coeff_reg_6784_6847_49_55 |     0.092 |
|   coeff_reg_6784_6847_56_59 |     0.074 |
|   coeff_reg_6784_6847_7_13  |     0.094 |
|   coeff_reg_6848_6911_0_6   |     0.107 |
|   coeff_reg_6848_6911_14_20 |     0.088 |
|   coeff_reg_6848_6911_21_27 |     0.097 |
|   coeff_reg_6848_6911_28_34 |     0.093 |
|   coeff_reg_6848_6911_35_41 |     0.092 |
|   coeff_reg_6848_6911_42_48 |     0.093 |
|   coeff_reg_6848_6911_49_55 |     0.104 |
|   coeff_reg_6848_6911_56_59 |     0.069 |
|   coeff_reg_6848_6911_7_13  |     0.090 |
|   coeff_reg_6912_6975_0_6   |     0.096 |
|   coeff_reg_6912_6975_14_20 |     0.096 |
|   coeff_reg_6912_6975_21_27 |     0.099 |
|   coeff_reg_6912_6975_28_34 |     0.097 |
|   coeff_reg_6912_6975_35_41 |     0.094 |
|   coeff_reg_6912_6975_42_48 |     0.097 |
|   coeff_reg_6912_6975_49_55 |     0.093 |
|   coeff_reg_6912_6975_56_59 |     0.072 |
|   coeff_reg_6912_6975_7_13  |     0.093 |
|   coeff_reg_6976_7039_0_6   |     0.097 |
|   coeff_reg_6976_7039_14_20 |     0.096 |
|   coeff_reg_6976_7039_21_27 |     0.096 |
|   coeff_reg_6976_7039_28_34 |     0.097 |
|   coeff_reg_6976_7039_35_41 |     0.097 |
|   coeff_reg_6976_7039_42_48 |     0.097 |
|   coeff_reg_6976_7039_49_55 |     0.107 |
|   coeff_reg_6976_7039_56_59 |     0.074 |
|   coeff_reg_6976_7039_7_13  |     0.090 |
|   coeff_reg_7040_7103_0_6   |     0.099 |
|   coeff_reg_7040_7103_14_20 |     0.089 |
|   coeff_reg_7040_7103_21_27 |     0.112 |
|   coeff_reg_7040_7103_28_34 |     0.093 |
|   coeff_reg_7040_7103_35_41 |     0.092 |
|   coeff_reg_7040_7103_42_48 |     0.096 |
|   coeff_reg_7040_7103_49_55 |     0.087 |
|   coeff_reg_7040_7103_56_59 |     0.083 |
|   coeff_reg_7040_7103_7_13  |     0.090 |
|   coeff_reg_704_767_0_6     |     0.089 |
|   coeff_reg_704_767_14_20   |     0.088 |
|   coeff_reg_704_767_21_27   |     0.089 |
|   coeff_reg_704_767_28_34   |     0.095 |
|   coeff_reg_704_767_35_41   |     0.091 |
|   coeff_reg_704_767_42_48   |     0.090 |
|   coeff_reg_704_767_49_55   |     0.096 |
|   coeff_reg_704_767_56_59   |     0.075 |
|   coeff_reg_704_767_7_13    |     0.110 |
|   coeff_reg_7104_7167_0_6   |     0.106 |
|   coeff_reg_7104_7167_14_20 |     0.092 |
|   coeff_reg_7104_7167_21_27 |     0.091 |
|   coeff_reg_7104_7167_28_34 |     0.096 |
|   coeff_reg_7104_7167_35_41 |     0.105 |
|   coeff_reg_7104_7167_42_48 |     0.104 |
|   coeff_reg_7104_7167_49_55 |     0.091 |
|   coeff_reg_7104_7167_56_59 |     0.079 |
|   coeff_reg_7104_7167_7_13  |     0.090 |
|   coeff_reg_7168_7231_0_6   |     0.098 |
|   coeff_reg_7168_7231_14_20 |     0.092 |
|   coeff_reg_7168_7231_21_27 |     0.095 |
|   coeff_reg_7168_7231_28_34 |     0.104 |
|   coeff_reg_7168_7231_35_41 |     0.088 |
|   coeff_reg_7168_7231_42_48 |     0.097 |
|   coeff_reg_7168_7231_49_55 |     0.098 |
|   coeff_reg_7168_7231_56_59 |     0.076 |
|   coeff_reg_7168_7231_7_13  |     0.104 |
|   coeff_reg_7232_7295_0_6   |     0.093 |
|   coeff_reg_7232_7295_14_20 |     0.100 |
|   coeff_reg_7232_7295_21_27 |     0.100 |
|   coeff_reg_7232_7295_28_34 |     0.093 |
|   coeff_reg_7232_7295_35_41 |     0.095 |
|   coeff_reg_7232_7295_42_48 |     0.096 |
|   coeff_reg_7232_7295_49_55 |     0.097 |
|   coeff_reg_7232_7295_56_59 |     0.071 |
|   coeff_reg_7232_7295_7_13  |     0.094 |
|   coeff_reg_7296_7359_0_6   |     0.098 |
|   coeff_reg_7296_7359_14_20 |     0.098 |
|   coeff_reg_7296_7359_21_27 |     0.103 |
|   coeff_reg_7296_7359_28_34 |     0.090 |
|   coeff_reg_7296_7359_35_41 |     0.099 |
|   coeff_reg_7296_7359_42_48 |     0.092 |
|   coeff_reg_7296_7359_49_55 |     0.097 |
|   coeff_reg_7296_7359_56_59 |     0.074 |
|   coeff_reg_7296_7359_7_13  |     0.099 |
|   coeff_reg_7360_7423_0_6   |     0.094 |
|   coeff_reg_7360_7423_14_20 |     0.098 |
|   coeff_reg_7360_7423_21_27 |     0.093 |
|   coeff_reg_7360_7423_28_34 |     0.096 |
|   coeff_reg_7360_7423_35_41 |     0.093 |
|   coeff_reg_7360_7423_42_48 |     0.095 |
|   coeff_reg_7360_7423_49_55 |     0.097 |
|   coeff_reg_7360_7423_56_59 |     0.072 |
|   coeff_reg_7360_7423_7_13  |     0.088 |
|   coeff_reg_7424_7487_0_6   |     0.104 |
|   coeff_reg_7424_7487_14_20 |     0.089 |
|   coeff_reg_7424_7487_21_27 |     0.091 |
|   coeff_reg_7424_7487_28_34 |     0.098 |
|   coeff_reg_7424_7487_35_41 |     0.097 |
|   coeff_reg_7424_7487_42_48 |     0.089 |
|   coeff_reg_7424_7487_49_55 |     0.100 |
|   coeff_reg_7424_7487_56_59 |     0.078 |
|   coeff_reg_7424_7487_7_13  |     0.096 |
|   coeff_reg_7488_7551_0_6   |     0.091 |
|   coeff_reg_7488_7551_14_20 |     0.100 |
|   coeff_reg_7488_7551_21_27 |     0.094 |
|   coeff_reg_7488_7551_28_34 |     0.096 |
|   coeff_reg_7488_7551_35_41 |     0.097 |
|   coeff_reg_7488_7551_42_48 |     0.096 |
|   coeff_reg_7488_7551_49_55 |     0.091 |
|   coeff_reg_7488_7551_56_59 |     0.077 |
|   coeff_reg_7488_7551_7_13  |     0.089 |
|   coeff_reg_7552_7615_0_6   |     0.101 |
|   coeff_reg_7552_7615_14_20 |     0.097 |
|   coeff_reg_7552_7615_21_27 |     0.101 |
|   coeff_reg_7552_7615_28_34 |     0.095 |
|   coeff_reg_7552_7615_35_41 |     0.089 |
|   coeff_reg_7552_7615_42_48 |     0.093 |
|   coeff_reg_7552_7615_49_55 |     0.098 |
|   coeff_reg_7552_7615_56_59 |     0.074 |
|   coeff_reg_7552_7615_7_13  |     0.088 |
|   coeff_reg_7616_7679_0_6   |     0.104 |
|   coeff_reg_7616_7679_14_20 |     0.092 |
|   coeff_reg_7616_7679_21_27 |     0.096 |
|   coeff_reg_7616_7679_28_34 |     0.089 |
|   coeff_reg_7616_7679_35_41 |     0.097 |
|   coeff_reg_7616_7679_42_48 |     0.093 |
|   coeff_reg_7616_7679_49_55 |     0.087 |
|   coeff_reg_7616_7679_56_59 |     0.072 |
|   coeff_reg_7616_7679_7_13  |     0.096 |
|   coeff_reg_7680_7743_0_6   |     0.094 |
|   coeff_reg_7680_7743_14_20 |     0.098 |
|   coeff_reg_7680_7743_21_27 |     0.096 |
|   coeff_reg_7680_7743_28_34 |     0.096 |
|   coeff_reg_7680_7743_35_41 |     0.095 |
|   coeff_reg_7680_7743_42_48 |     0.086 |
|   coeff_reg_7680_7743_49_55 |     0.087 |
|   coeff_reg_7680_7743_56_59 |     0.078 |
|   coeff_reg_7680_7743_7_13  |     0.088 |
|   coeff_reg_768_831_0_6     |     0.096 |
|   coeff_reg_768_831_14_20   |     0.097 |
|   coeff_reg_768_831_21_27   |     0.100 |
|   coeff_reg_768_831_28_34   |     0.095 |
|   coeff_reg_768_831_35_41   |     0.101 |
|   coeff_reg_768_831_42_48   |     0.087 |
|   coeff_reg_768_831_49_55   |     0.091 |
|   coeff_reg_768_831_56_59   |     0.072 |
|   coeff_reg_768_831_7_13    |     0.094 |
|   coeff_reg_7744_7807_0_6   |     0.104 |
|   coeff_reg_7744_7807_14_20 |     0.098 |
|   coeff_reg_7744_7807_21_27 |     0.097 |
|   coeff_reg_7744_7807_28_34 |     0.098 |
|   coeff_reg_7744_7807_35_41 |     0.095 |
|   coeff_reg_7744_7807_42_48 |     0.093 |
|   coeff_reg_7744_7807_49_55 |     0.098 |
|   coeff_reg_7744_7807_56_59 |     0.075 |
|   coeff_reg_7744_7807_7_13  |     0.092 |
|   coeff_reg_7808_7871_0_6   |     0.096 |
|   coeff_reg_7808_7871_14_20 |     0.090 |
|   coeff_reg_7808_7871_21_27 |     0.094 |
|   coeff_reg_7808_7871_28_34 |     0.099 |
|   coeff_reg_7808_7871_35_41 |     0.091 |
|   coeff_reg_7808_7871_42_48 |     0.102 |
|   coeff_reg_7808_7871_49_55 |     0.091 |
|   coeff_reg_7808_7871_56_59 |     0.077 |
|   coeff_reg_7808_7871_7_13  |     0.092 |
|   coeff_reg_7872_7935_0_6   |     0.100 |
|   coeff_reg_7872_7935_14_20 |     0.096 |
|   coeff_reg_7872_7935_21_27 |     0.089 |
|   coeff_reg_7872_7935_28_34 |     0.097 |
|   coeff_reg_7872_7935_35_41 |     0.099 |
|   coeff_reg_7872_7935_42_48 |     0.091 |
|   coeff_reg_7872_7935_49_55 |     0.093 |
|   coeff_reg_7872_7935_56_59 |     0.070 |
|   coeff_reg_7872_7935_7_13  |     0.096 |
|   coeff_reg_7936_7999_0_6   |     0.099 |
|   coeff_reg_7936_7999_14_20 |     0.096 |
|   coeff_reg_7936_7999_21_27 |     0.094 |
|   coeff_reg_7936_7999_28_34 |     0.100 |
|   coeff_reg_7936_7999_35_41 |     0.091 |
|   coeff_reg_7936_7999_42_48 |     0.100 |
|   coeff_reg_7936_7999_49_55 |     0.097 |
|   coeff_reg_7936_7999_56_59 |     0.073 |
|   coeff_reg_7936_7999_7_13  |     0.089 |
|   coeff_reg_8000_8063_0_6   |     0.091 |
|   coeff_reg_8000_8063_14_20 |     0.097 |
|   coeff_reg_8000_8063_21_27 |     0.096 |
|   coeff_reg_8000_8063_28_34 |     0.098 |
|   coeff_reg_8000_8063_35_41 |     0.099 |
|   coeff_reg_8000_8063_42_48 |     0.094 |
|   coeff_reg_8000_8063_49_55 |     0.098 |
|   coeff_reg_8000_8063_56_59 |     0.078 |
|   coeff_reg_8000_8063_7_13  |     0.097 |
|   coeff_reg_8064_8127_0_6   |     0.096 |
|   coeff_reg_8064_8127_14_20 |     0.094 |
|   coeff_reg_8064_8127_21_27 |     0.093 |
|   coeff_reg_8064_8127_28_34 |     0.090 |
|   coeff_reg_8064_8127_35_41 |     0.099 |
|   coeff_reg_8064_8127_42_48 |     0.100 |
|   coeff_reg_8064_8127_49_55 |     0.090 |
|   coeff_reg_8064_8127_56_59 |     0.078 |
|   coeff_reg_8064_8127_7_13  |     0.096 |
|   coeff_reg_8128_8191_0_6   |     0.104 |
|   coeff_reg_8128_8191_14_20 |     0.102 |
|   coeff_reg_8128_8191_21_27 |     0.091 |
|   coeff_reg_8128_8191_28_34 |     0.101 |
|   coeff_reg_8128_8191_35_41 |     0.094 |
|   coeff_reg_8128_8191_42_48 |     0.097 |
|   coeff_reg_8128_8191_49_55 |     0.099 |
|   coeff_reg_8128_8191_56_59 |     0.078 |
|   coeff_reg_8128_8191_7_13  |     0.086 |
|   coeff_reg_832_895_0_6     |     0.090 |
|   coeff_reg_832_895_14_20   |     0.094 |
|   coeff_reg_832_895_21_27   |     0.100 |
|   coeff_reg_832_895_28_34   |     0.099 |
|   coeff_reg_832_895_35_41   |     0.090 |
|   coeff_reg_832_895_42_48   |     0.105 |
|   coeff_reg_832_895_49_55   |     0.101 |
|   coeff_reg_832_895_56_59   |     0.077 |
|   coeff_reg_832_895_7_13    |     0.093 |
|   coeff_reg_896_959_0_6     |     0.089 |
|   coeff_reg_896_959_14_20   |     0.108 |
|   coeff_reg_896_959_21_27   |     0.099 |
|   coeff_reg_896_959_28_34   |     0.097 |
|   coeff_reg_896_959_35_41   |     0.096 |
|   coeff_reg_896_959_42_48   |     0.098 |
|   coeff_reg_896_959_49_55   |     0.100 |
|   coeff_reg_896_959_56_59   |     0.076 |
|   coeff_reg_896_959_7_13    |     0.092 |
|   coeff_reg_960_1023_0_6    |     0.096 |
|   coeff_reg_960_1023_14_20  |     0.097 |
|   coeff_reg_960_1023_21_27  |     0.091 |
|   coeff_reg_960_1023_28_34  |     0.094 |
|   coeff_reg_960_1023_35_41  |     0.097 |
|   coeff_reg_960_1023_42_48  |     0.096 |
|   coeff_reg_960_1023_49_55  |     0.091 |
|   coeff_reg_960_1023_56_59  |     0.073 |
|   coeff_reg_960_1023_7_13   |     0.094 |
+-----------------------------+-----------+


